14:40:17 **** Incremental Build of configuration Debug for project FINAL PROJ ****
make -j8 all 
arm-none-eabi-gcc "../Drivers/STM32F7xx_HAL_Driver/Src/stm32f7xx_hal.c" -mcpu=cortex-m7 -std=gnu11 -g3 -DUSE_HAL_DRIVER -DSTM32F746xx -DDEBUG -c -I../Core/Inc -I../Drivers/STM32F7xx_HAL_Driver/Inc -I../Drivers/STM32F7xx_HAL_Driver/Inc/Legacy -I../Drivers/CMSIS/Device/ST/STM32F7xx/Include -I../Drivers/CMSIS/Include -I../Middlewares/Third_Party/ARM_CMSIS/CMSIS/Core/Include/ -I../Middlewares/Third_Party/ARM_CMSIS/CMSIS/Core_A/Include/ -I../Middlewares/Third_Party/ARM_CMSIS/CMSIS/DSP/Include -O0 -ffunction-sections -fdata-sections -Wall -fstack-usage -MMD -MP -MF"Drivers/STM32F7xx_HAL_Driver/Src/stm32f7xx_hal.d" -MT"Drivers/STM32F7xx_HAL_Driver/Src/stm32f7xx_hal.o" --specs=nano.specs -mfpu=fpv5-sp-d16 -mfloat-abi=hard -mthumb -o "Drivers/STM32F7xx_HAL_Driver/Src/stm32f7xx_hal.o"
arm-none-eabi-gcc "../Drivers/STM32F7xx_HAL_Driver/Src/stm32f7xx_hal_adc.c" -mcpu=cortex-m7 -std=gnu11 -g3 -DUSE_HAL_DRIVER -DSTM32F746xx -DDEBUG -c -I../Core/Inc -I../Drivers/STM32F7xx_HAL_Driver/Inc -I../Drivers/STM32F7xx_HAL_Driver/Inc/Legacy -I../Drivers/CMSIS/Device/ST/STM32F7xx/Include -I../Drivers/CMSIS/Include -I../Middlewares/Third_Party/ARM_CMSIS/CMSIS/Core/Include/ -I../Middlewares/Third_Party/ARM_CMSIS/CMSIS/Core_A/Include/ -I../Middlewares/Third_Party/ARM_CMSIS/CMSIS/DSP/Include -O0 -ffunction-sections -fdata-sections -Wall -fstack-usage -MMD -MP -MF"Drivers/STM32F7xx_HAL_Driver/Src/stm32f7xx_hal_adc.d" -MT"Drivers/STM32F7xx_HAL_Driver/Src/stm32f7xx_hal_adc.o" --specs=nano.specs -mfpu=fpv5-sp-d16 -mfloat-abi=hard -mthumb -o "Drivers/STM32F7xx_HAL_Driver/Src/stm32f7xx_hal_adc.o"
arm-none-eabi-gcc "../Drivers/STM32F7xx_HAL_Driver/Src/stm32f7xx_hal_adc_ex.c" -mcpu=cortex-m7 -std=gnu11 -g3 -DUSE_HAL_DRIVER -DSTM32F746xx -DDEBUG -c -I../Core/Inc -I../Drivers/STM32F7xx_HAL_Driver/Inc -I../Drivers/STM32F7xx_HAL_Driver/Inc/Legacy -I../Drivers/CMSIS/Device/ST/STM32F7xx/Include -I../Drivers/CMSIS/Include -I../Middlewares/Third_Party/ARM_CMSIS/CMSIS/Core/Include/ -I../Middlewares/Third_Party/ARM_CMSIS/CMSIS/Core_A/Include/ -I../Middlewares/Third_Party/ARM_CMSIS/CMSIS/DSP/Include -O0 -ffunction-sections -fdata-sections -Wall -fstack-usage -MMD -MP -MF"Drivers/STM32F7xx_HAL_Driver/Src/stm32f7xx_hal_adc_ex.d" -MT"Drivers/STM32F7xx_HAL_Driver/Src/stm32f7xx_hal_adc_ex.o" --specs=nano.specs -mfpu=fpv5-sp-d16 -mfloat-abi=hard -mthumb -o "Drivers/STM32F7xx_HAL_Driver/Src/stm32f7xx_hal_adc_ex.o"
arm-none-eabi-gcc "../Drivers/STM32F7xx_HAL_Driver/Src/stm32f7xx_hal_cortex.c" -mcpu=cortex-m7 -std=gnu11 -g3 -DUSE_HAL_DRIVER -DSTM32F746xx -DDEBUG -c -I../Core/Inc -I../Drivers/STM32F7xx_HAL_Driver/Inc -I../Drivers/STM32F7xx_HAL_Driver/Inc/Legacy -I../Drivers/CMSIS/Device/ST/STM32F7xx/Include -I../Drivers/CMSIS/Include -I../Middlewares/Third_Party/ARM_CMSIS/CMSIS/Core/Include/ -I../Middlewares/Third_Party/ARM_CMSIS/CMSIS/Core_A/Include/ -I../Middlewares/Third_Party/ARM_CMSIS/CMSIS/DSP/Include -O0 -ffunction-sections -fdata-sections -Wall -fstack-usage -MMD -MP -MF"Drivers/STM32F7xx_HAL_Driver/Src/stm32f7xx_hal_cortex.d" -MT"Drivers/STM32F7xx_HAL_Driver/Src/stm32f7xx_hal_cortex.o" --specs=nano.specs -mfpu=fpv5-sp-d16 -mfloat-abi=hard -mthumb -o "Drivers/STM32F7xx_HAL_Driver/Src/stm32f7xx_hal_cortex.o"
arm-none-eabi-gcc "../Drivers/STM32F7xx_HAL_Driver/Src/stm32f7xx_hal_dac.c" -mcpu=cortex-m7 -std=gnu11 -g3 -DUSE_HAL_DRIVER -DSTM32F746xx -DDEBUG -c -I../Core/Inc -I../Drivers/STM32F7xx_HAL_Driver/Inc -I../Drivers/STM32F7xx_HAL_Driver/Inc/Legacy -I../Drivers/CMSIS/Device/ST/STM32F7xx/Include -I../Drivers/CMSIS/Include -I../Middlewares/Third_Party/ARM_CMSIS/CMSIS/Core/Include/ -I../Middlewares/Third_Party/ARM_CMSIS/CMSIS/Core_A/Include/ -I../Middlewares/Third_Party/ARM_CMSIS/CMSIS/DSP/Include -O0 -ffunction-sections -fdata-sections -Wall -fstack-usage -MMD -MP -MF"Drivers/STM32F7xx_HAL_Driver/Src/stm32f7xx_hal_dac.d" -MT"Drivers/STM32F7xx_HAL_Driver/Src/stm32f7xx_hal_dac.o" --specs=nano.specs -mfpu=fpv5-sp-d16 -mfloat-abi=hard -mthumb -o "Drivers/STM32F7xx_HAL_Driver/Src/stm32f7xx_hal_dac.o"
arm-none-eabi-gcc "../Drivers/STM32F7xx_HAL_Driver/Src/stm32f7xx_hal_dac_ex.c" -mcpu=cortex-m7 -std=gnu11 -g3 -DUSE_HAL_DRIVER -DSTM32F746xx -DDEBUG -c -I../Core/Inc -I../Drivers/STM32F7xx_HAL_Driver/Inc -I../Drivers/STM32F7xx_HAL_Driver/Inc/Legacy -I../Drivers/CMSIS/Device/ST/STM32F7xx/Include -I../Drivers/CMSIS/Include -I../Middlewares/Third_Party/ARM_CMSIS/CMSIS/Core/Include/ -I../Middlewares/Third_Party/ARM_CMSIS/CMSIS/Core_A/Include/ -I../Middlewares/Third_Party/ARM_CMSIS/CMSIS/DSP/Include -O0 -ffunction-sections -fdata-sections -Wall -fstack-usage -MMD -MP -MF"Drivers/STM32F7xx_HAL_Driver/Src/stm32f7xx_hal_dac_ex.d" -MT"Drivers/STM32F7xx_HAL_Driver/Src/stm32f7xx_hal_dac_ex.o" --specs=nano.specs -mfpu=fpv5-sp-d16 -mfloat-abi=hard -mthumb -o "Drivers/STM32F7xx_HAL_Driver/Src/stm32f7xx_hal_dac_ex.o"
arm-none-eabi-gcc "../Drivers/STM32F7xx_HAL_Driver/Src/stm32f7xx_hal_dma.c" -mcpu=cortex-m7 -std=gnu11 -g3 -DUSE_HAL_DRIVER -DSTM32F746xx -DDEBUG -c -I../Core/Inc -I../Drivers/STM32F7xx_HAL_Driver/Inc -I../Drivers/STM32F7xx_HAL_Driver/Inc/Legacy -I../Drivers/CMSIS/Device/ST/STM32F7xx/Include -I../Drivers/CMSIS/Include -I../Middlewares/Third_Party/ARM_CMSIS/CMSIS/Core/Include/ -I../Middlewares/Third_Party/ARM_CMSIS/CMSIS/Core_A/Include/ -I../Middlewares/Third_Party/ARM_CMSIS/CMSIS/DSP/Include -O0 -ffunction-sections -fdata-sections -Wall -fstack-usage -MMD -MP -MF"Drivers/STM32F7xx_HAL_Driver/Src/stm32f7xx_hal_dma.d" -MT"Drivers/STM32F7xx_HAL_Driver/Src/stm32f7xx_hal_dma.o" --specs=nano.specs -mfpu=fpv5-sp-d16 -mfloat-abi=hard -mthumb -o "Drivers/STM32F7xx_HAL_Driver/Src/stm32f7xx_hal_dma.o"
arm-none-eabi-gcc "../Drivers/STM32F7xx_HAL_Driver/Src/stm32f7xx_hal_dma_ex.c" -mcpu=cortex-m7 -std=gnu11 -g3 -DUSE_HAL_DRIVER -DSTM32F746xx -DDEBUG -c -I../Core/Inc -I../Drivers/STM32F7xx_HAL_Driver/Inc -I../Drivers/STM32F7xx_HAL_Driver/Inc/Legacy -I../Drivers/CMSIS/Device/ST/STM32F7xx/Include -I../Drivers/CMSIS/Include -I../Middlewares/Third_Party/ARM_CMSIS/CMSIS/Core/Include/ -I../Middlewares/Third_Party/ARM_CMSIS/CMSIS/Core_A/Include/ -I../Middlewares/Third_Party/ARM_CMSIS/CMSIS/DSP/Include -O0 -ffunction-sections -fdata-sections -Wall -fstack-usage -MMD -MP -MF"Drivers/STM32F7xx_HAL_Driver/Src/stm32f7xx_hal_dma_ex.d" -MT"Drivers/STM32F7xx_HAL_Driver/Src/stm32f7xx_hal_dma_ex.o" --specs=nano.specs -mfpu=fpv5-sp-d16 -mfloat-abi=hard -mthumb -o "Drivers/STM32F7xx_HAL_Driver/Src/stm32f7xx_hal_dma_ex.o"
arm-none-eabi-gcc "../Drivers/STM32F7xx_HAL_Driver/Src/stm32f7xx_hal_exti.c" -mcpu=cortex-m7 -std=gnu11 -g3 -DUSE_HAL_DRIVER -DSTM32F746xx -DDEBUG -c -I../Core/Inc -I../Drivers/STM32F7xx_HAL_Driver/Inc -I../Drivers/STM32F7xx_HAL_Driver/Inc/Legacy -I../Drivers/CMSIS/Device/ST/STM32F7xx/Include -I../Drivers/CMSIS/Include -I../Middlewares/Third_Party/ARM_CMSIS/CMSIS/Core/Include/ -I../Middlewares/Third_Party/ARM_CMSIS/CMSIS/Core_A/Include/ -I../Middlewares/Third_Party/ARM_CMSIS/CMSIS/DSP/Include -O0 -ffunction-sections -fdata-sections -Wall -fstack-usage -MMD -MP -MF"Drivers/STM32F7xx_HAL_Driver/Src/stm32f7xx_hal_exti.d" -MT"Drivers/STM32F7xx_HAL_Driver/Src/stm32f7xx_hal_exti.o" --specs=nano.specs -mfpu=fpv5-sp-d16 -mfloat-abi=hard -mthumb -o "Drivers/STM32F7xx_HAL_Driver/Src/stm32f7xx_hal_exti.o"
arm-none-eabi-gcc "../Drivers/STM32F7xx_HAL_Driver/Src/stm32f7xx_hal_flash.c" -mcpu=cortex-m7 -std=gnu11 -g3 -DUSE_HAL_DRIVER -DSTM32F746xx -DDEBUG -c -I../Core/Inc -I../Drivers/STM32F7xx_HAL_Driver/Inc -I../Drivers/STM32F7xx_HAL_Driver/Inc/Legacy -I../Drivers/CMSIS/Device/ST/STM32F7xx/Include -I../Drivers/CMSIS/Include -I../Middlewares/Third_Party/ARM_CMSIS/CMSIS/Core/Include/ -I../Middlewares/Third_Party/ARM_CMSIS/CMSIS/Core_A/Include/ -I../Middlewares/Third_Party/ARM_CMSIS/CMSIS/DSP/Include -O0 -ffunction-sections -fdata-sections -Wall -fstack-usage -MMD -MP -MF"Drivers/STM32F7xx_HAL_Driver/Src/stm32f7xx_hal_flash.d" -MT"Drivers/STM32F7xx_HAL_Driver/Src/stm32f7xx_hal_flash.o" --specs=nano.specs -mfpu=fpv5-sp-d16 -mfloat-abi=hard -mthumb -o "Drivers/STM32F7xx_HAL_Driver/Src/stm32f7xx_hal_flash.o"
arm-none-eabi-gcc "../Drivers/STM32F7xx_HAL_Driver/Src/stm32f7xx_hal_flash_ex.c" -mcpu=cortex-m7 -std=gnu11 -g3 -DUSE_HAL_DRIVER -DSTM32F746xx -DDEBUG -c -I../Core/Inc -I../Drivers/STM32F7xx_HAL_Driver/Inc -I../Drivers/STM32F7xx_HAL_Driver/Inc/Legacy -I../Drivers/CMSIS/Device/ST/STM32F7xx/Include -I../Drivers/CMSIS/Include -I../Middlewares/Third_Party/ARM_CMSIS/CMSIS/Core/Include/ -I../Middlewares/Third_Party/ARM_CMSIS/CMSIS/Core_A/Include/ -I../Middlewares/Third_Party/ARM_CMSIS/CMSIS/DSP/Include -O0 -ffunction-sections -fdata-sections -Wall -fstack-usage -MMD -MP -MF"Drivers/STM32F7xx_HAL_Driver/Src/stm32f7xx_hal_flash_ex.d" -MT"Drivers/STM32F7xx_HAL_Driver/Src/stm32f7xx_hal_flash_ex.o" --specs=nano.specs -mfpu=fpv5-sp-d16 -mfloat-abi=hard -mthumb -o "Drivers/STM32F7xx_HAL_Driver/Src/stm32f7xx_hal_flash_ex.o"
arm-none-eabi-gcc "../Drivers/STM32F7xx_HAL_Driver/Src/stm32f7xx_hal_gpio.c" -mcpu=cortex-m7 -std=gnu11 -g3 -DUSE_HAL_DRIVER -DSTM32F746xx -DDEBUG -c -I../Core/Inc -I../Drivers/STM32F7xx_HAL_Driver/Inc -I../Drivers/STM32F7xx_HAL_Driver/Inc/Legacy -I../Drivers/CMSIS/Device/ST/STM32F7xx/Include -I../Drivers/CMSIS/Include -I../Middlewares/Third_Party/ARM_CMSIS/CMSIS/Core/Include/ -I../Middlewares/Third_Party/ARM_CMSIS/CMSIS/Core_A/Include/ -I../Middlewares/Third_Party/ARM_CMSIS/CMSIS/DSP/Include -O0 -ffunction-sections -fdata-sections -Wall -fstack-usage -MMD -MP -MF"Drivers/STM32F7xx_HAL_Driver/Src/stm32f7xx_hal_gpio.d" -MT"Drivers/STM32F7xx_HAL_Driver/Src/stm32f7xx_hal_gpio.o" --specs=nano.specs -mfpu=fpv5-sp-d16 -mfloat-abi=hard -mthumb -o "Drivers/STM32F7xx_HAL_Driver/Src/stm32f7xx_hal_gpio.o"
arm-none-eabi-gcc "../Drivers/STM32F7xx_HAL_Driver/Src/stm32f7xx_hal_i2c.c" -mcpu=cortex-m7 -std=gnu11 -g3 -DUSE_HAL_DRIVER -DSTM32F746xx -DDEBUG -c -I../Core/Inc -I../Drivers/STM32F7xx_HAL_Driver/Inc -I../Drivers/STM32F7xx_HAL_Driver/Inc/Legacy -I../Drivers/CMSIS/Device/ST/STM32F7xx/Include -I../Drivers/CMSIS/Include -I../Middlewares/Third_Party/ARM_CMSIS/CMSIS/Core/Include/ -I../Middlewares/Third_Party/ARM_CMSIS/CMSIS/Core_A/Include/ -I../Middlewares/Third_Party/ARM_CMSIS/CMSIS/DSP/Include -O0 -ffunction-sections -fdata-sections -Wall -fstack-usage -MMD -MP -MF"Drivers/STM32F7xx_HAL_Driver/Src/stm32f7xx_hal_i2c.d" -MT"Drivers/STM32F7xx_HAL_Driver/Src/stm32f7xx_hal_i2c.o" --specs=nano.specs -mfpu=fpv5-sp-d16 -mfloat-abi=hard -mthumb -o "Drivers/STM32F7xx_HAL_Driver/Src/stm32f7xx_hal_i2c.o"
arm-none-eabi-gcc "../Drivers/STM32F7xx_HAL_Driver/Src/stm32f7xx_hal_i2c_ex.c" -mcpu=cortex-m7 -std=gnu11 -g3 -DUSE_HAL_DRIVER -DSTM32F746xx -DDEBUG -c -I../Core/Inc -I../Drivers/STM32F7xx_HAL_Driver/Inc -I../Drivers/STM32F7xx_HAL_Driver/Inc/Legacy -I../Drivers/CMSIS/Device/ST/STM32F7xx/Include -I../Drivers/CMSIS/Include -I../Middlewares/Third_Party/ARM_CMSIS/CMSIS/Core/Include/ -I../Middlewares/Third_Party/ARM_CMSIS/CMSIS/Core_A/Include/ -I../Middlewares/Third_Party/ARM_CMSIS/CMSIS/DSP/Include -O0 -ffunction-sections -fdata-sections -Wall -fstack-usage -MMD -MP -MF"Drivers/STM32F7xx_HAL_Driver/Src/stm32f7xx_hal_i2c_ex.d" -MT"Drivers/STM32F7xx_HAL_Driver/Src/stm32f7xx_hal_i2c_ex.o" --specs=nano.specs -mfpu=fpv5-sp-d16 -mfloat-abi=hard -mthumb -o "Drivers/STM32F7xx_HAL_Driver/Src/stm32f7xx_hal_i2c_ex.o"
arm-none-eabi-gcc "../Drivers/STM32F7xx_HAL_Driver/Src/stm32f7xx_hal_pwr.c" -mcpu=cortex-m7 -std=gnu11 -g3 -DUSE_HAL_DRIVER -DSTM32F746xx -DDEBUG -c -I../Core/Inc -I../Drivers/STM32F7xx_HAL_Driver/Inc -I../Drivers/STM32F7xx_HAL_Driver/Inc/Legacy -I../Drivers/CMSIS/Device/ST/STM32F7xx/Include -I../Drivers/CMSIS/Include -I../Middlewares/Third_Party/ARM_CMSIS/CMSIS/Core/Include/ -I../Middlewares/Third_Party/ARM_CMSIS/CMSIS/Core_A/Include/ -I../Middlewares/Third_Party/ARM_CMSIS/CMSIS/DSP/Include -O0 -ffunction-sections -fdata-sections -Wall -fstack-usage -MMD -MP -MF"Drivers/STM32F7xx_HAL_Driver/Src/stm32f7xx_hal_pwr.d" -MT"Drivers/STM32F7xx_HAL_Driver/Src/stm32f7xx_hal_pwr.o" --specs=nano.specs -mfpu=fpv5-sp-d16 -mfloat-abi=hard -mthumb -o "Drivers/STM32F7xx_HAL_Driver/Src/stm32f7xx_hal_pwr.o"
arm-none-eabi-gcc "../Drivers/STM32F7xx_HAL_Driver/Src/stm32f7xx_hal_pwr_ex.c" -mcpu=cortex-m7 -std=gnu11 -g3 -DUSE_HAL_DRIVER -DSTM32F746xx -DDEBUG -c -I../Core/Inc -I../Drivers/STM32F7xx_HAL_Driver/Inc -I../Drivers/STM32F7xx_HAL_Driver/Inc/Legacy -I../Drivers/CMSIS/Device/ST/STM32F7xx/Include -I../Drivers/CMSIS/Include -I../Middlewares/Third_Party/ARM_CMSIS/CMSIS/Core/Include/ -I../Middlewares/Third_Party/ARM_CMSIS/CMSIS/Core_A/Include/ -I../Middlewares/Third_Party/ARM_CMSIS/CMSIS/DSP/Include -O0 -ffunction-sections -fdata-sections -Wall -fstack-usage -MMD -MP -MF"Drivers/STM32F7xx_HAL_Driver/Src/stm32f7xx_hal_pwr_ex.d" -MT"Drivers/STM32F7xx_HAL_Driver/Src/stm32f7xx_hal_pwr_ex.o" --specs=nano.specs -mfpu=fpv5-sp-d16 -mfloat-abi=hard -mthumb -o "Drivers/STM32F7xx_HAL_Driver/Src/stm32f7xx_hal_pwr_ex.o"
arm-none-eabi-gcc "../Drivers/STM32F7xx_HAL_Driver/Src/stm32f7xx_hal_rcc.c" -mcpu=cortex-m7 -std=gnu11 -g3 -DUSE_HAL_DRIVER -DSTM32F746xx -DDEBUG -c -I../Core/Inc -I../Drivers/STM32F7xx_HAL_Driver/Inc -I../Drivers/STM32F7xx_HAL_Driver/Inc/Legacy -I../Drivers/CMSIS/Device/ST/STM32F7xx/Include -I../Drivers/CMSIS/Include -I../Middlewares/Third_Party/ARM_CMSIS/CMSIS/Core/Include/ -I../Middlewares/Third_Party/ARM_CMSIS/CMSIS/Core_A/Include/ -I../Middlewares/Third_Party/ARM_CMSIS/CMSIS/DSP/Include -O0 -ffunction-sections -fdata-sections -Wall -fstack-usage -MMD -MP -MF"Drivers/STM32F7xx_HAL_Driver/Src/stm32f7xx_hal_rcc.d" -MT"Drivers/STM32F7xx_HAL_Driver/Src/stm32f7xx_hal_rcc.o" --specs=nano.specs -mfpu=fpv5-sp-d16 -mfloat-abi=hard -mthumb -o "Drivers/STM32F7xx_HAL_Driver/Src/stm32f7xx_hal_rcc.o"
arm-none-eabi-gcc "../Drivers/STM32F7xx_HAL_Driver/Src/stm32f7xx_hal_rcc_ex.c" -mcpu=cortex-m7 -std=gnu11 -g3 -DUSE_HAL_DRIVER -DSTM32F746xx -DDEBUG -c -I../Core/Inc -I../Drivers/STM32F7xx_HAL_Driver/Inc -I../Drivers/STM32F7xx_HAL_Driver/Inc/Legacy -I../Drivers/CMSIS/Device/ST/STM32F7xx/Include -I../Drivers/CMSIS/Include -I../Middlewares/Third_Party/ARM_CMSIS/CMSIS/Core/Include/ -I../Middlewares/Third_Party/ARM_CMSIS/CMSIS/Core_A/Include/ -I../Middlewares/Third_Party/ARM_CMSIS/CMSIS/DSP/Include -O0 -ffunction-sections -fdata-sections -Wall -fstack-usage -MMD -MP -MF"Drivers/STM32F7xx_HAL_Driver/Src/stm32f7xx_hal_rcc_ex.d" -MT"Drivers/STM32F7xx_HAL_Driver/Src/stm32f7xx_hal_rcc_ex.o" --specs=nano.specs -mfpu=fpv5-sp-d16 -mfloat-abi=hard -mthumb -o "Drivers/STM32F7xx_HAL_Driver/Src/stm32f7xx_hal_rcc_ex.o"
arm-none-eabi-gcc "../Drivers/STM32F7xx_HAL_Driver/Src/stm32f7xx_hal_spi.c" -mcpu=cortex-m7 -std=gnu11 -g3 -DUSE_HAL_DRIVER -DSTM32F746xx -DDEBUG -c -I../Core/Inc -I../Drivers/STM32F7xx_HAL_Driver/Inc -I../Drivers/STM32F7xx_HAL_Driver/Inc/Legacy -I../Drivers/CMSIS/Device/ST/STM32F7xx/Include -I../Drivers/CMSIS/Include -I../Middlewares/Third_Party/ARM_CMSIS/CMSIS/Core/Include/ -I../Middlewares/Third_Party/ARM_CMSIS/CMSIS/Core_A/Include/ -I../Middlewares/Third_Party/ARM_CMSIS/CMSIS/DSP/Include -O0 -ffunction-sections -fdata-sections -Wall -fstack-usage -MMD -MP -MF"Drivers/STM32F7xx_HAL_Driver/Src/stm32f7xx_hal_spi.d" -MT"Drivers/STM32F7xx_HAL_Driver/Src/stm32f7xx_hal_spi.o" --specs=nano.specs -mfpu=fpv5-sp-d16 -mfloat-abi=hard -mthumb -o "Drivers/STM32F7xx_HAL_Driver/Src/stm32f7xx_hal_spi.o"
arm-none-eabi-gcc "../Drivers/STM32F7xx_HAL_Driver/Src/stm32f7xx_hal_spi_ex.c" -mcpu=cortex-m7 -std=gnu11 -g3 -DUSE_HAL_DRIVER -DSTM32F746xx -DDEBUG -c -I../Core/Inc -I../Drivers/STM32F7xx_HAL_Driver/Inc -I../Drivers/STM32F7xx_HAL_Driver/Inc/Legacy -I../Drivers/CMSIS/Device/ST/STM32F7xx/Include -I../Drivers/CMSIS/Include -I../Middlewares/Third_Party/ARM_CMSIS/CMSIS/Core/Include/ -I../Middlewares/Third_Party/ARM_CMSIS/CMSIS/Core_A/Include/ -I../Middlewares/Third_Party/ARM_CMSIS/CMSIS/DSP/Include -O0 -ffunction-sections -fdata-sections -Wall -fstack-usage -MMD -MP -MF"Drivers/STM32F7xx_HAL_Driver/Src/stm32f7xx_hal_spi_ex.d" -MT"Drivers/STM32F7xx_HAL_Driver/Src/stm32f7xx_hal_spi_ex.o" --specs=nano.specs -mfpu=fpv5-sp-d16 -mfloat-abi=hard -mthumb -o "Drivers/STM32F7xx_HAL_Driver/Src/stm32f7xx_hal_spi_ex.o"
arm-none-eabi-gcc "../Drivers/STM32F7xx_HAL_Driver/Src/stm32f7xx_hal_tim.c" -mcpu=cortex-m7 -std=gnu11 -g3 -DUSE_HAL_DRIVER -DSTM32F746xx -DDEBUG -c -I../Core/Inc -I../Drivers/STM32F7xx_HAL_Driver/Inc -I../Drivers/STM32F7xx_HAL_Driver/Inc/Legacy -I../Drivers/CMSIS/Device/ST/STM32F7xx/Include -I../Drivers/CMSIS/Include -I../Middlewares/Third_Party/ARM_CMSIS/CMSIS/Core/Include/ -I../Middlewares/Third_Party/ARM_CMSIS/CMSIS/Core_A/Include/ -I../Middlewares/Third_Party/ARM_CMSIS/CMSIS/DSP/Include -O0 -ffunction-sections -fdata-sections -Wall -fstack-usage -MMD -MP -MF"Drivers/STM32F7xx_HAL_Driver/Src/stm32f7xx_hal_tim.d" -MT"Drivers/STM32F7xx_HAL_Driver/Src/stm32f7xx_hal_tim.o" --specs=nano.specs -mfpu=fpv5-sp-d16 -mfloat-abi=hard -mthumb -o "Drivers/STM32F7xx_HAL_Driver/Src/stm32f7xx_hal_tim.o"
arm-none-eabi-gcc "../Drivers/STM32F7xx_HAL_Driver/Src/stm32f7xx_hal_tim_ex.c" -mcpu=cortex-m7 -std=gnu11 -g3 -DUSE_HAL_DRIVER -DSTM32F746xx -DDEBUG -c -I../Core/Inc -I../Drivers/STM32F7xx_HAL_Driver/Inc -I../Drivers/STM32F7xx_HAL_Driver/Inc/Legacy -I../Drivers/CMSIS/Device/ST/STM32F7xx/Include -I../Drivers/CMSIS/Include -I../Middlewares/Third_Party/ARM_CMSIS/CMSIS/Core/Include/ -I../Middlewares/Third_Party/ARM_CMSIS/CMSIS/Core_A/Include/ -I../Middlewares/Third_Party/ARM_CMSIS/CMSIS/DSP/Include -O0 -ffunction-sections -fdata-sections -Wall -fstack-usage -MMD -MP -MF"Drivers/STM32F7xx_HAL_Driver/Src/stm32f7xx_hal_tim_ex.d" -MT"Drivers/STM32F7xx_HAL_Driver/Src/stm32f7xx_hal_tim_ex.o" --specs=nano.specs -mfpu=fpv5-sp-d16 -mfloat-abi=hard -mthumb -o "Drivers/STM32F7xx_HAL_Driver/Src/stm32f7xx_hal_tim_ex.o"
arm-none-eabi-gcc "../Drivers/STM32F7xx_HAL_Driver/Src/stm32f7xx_hal_uart.c" -mcpu=cortex-m7 -std=gnu11 -g3 -DUSE_HAL_DRIVER -DSTM32F746xx -DDEBUG -c -I../Core/Inc -I../Drivers/STM32F7xx_HAL_Driver/Inc -I../Drivers/STM32F7xx_HAL_Driver/Inc/Legacy -I../Drivers/CMSIS/Device/ST/STM32F7xx/Include -I../Drivers/CMSIS/Include -I../Middlewares/Third_Party/ARM_CMSIS/CMSIS/Core/Include/ -I../Middlewares/Third_Party/ARM_CMSIS/CMSIS/Core_A/Include/ -I../Middlewares/Third_Party/ARM_CMSIS/CMSIS/DSP/Include -O0 -ffunction-sections -fdata-sections -Wall -fstack-usage -MMD -MP -MF"Drivers/STM32F7xx_HAL_Driver/Src/stm32f7xx_hal_uart.d" -MT"Drivers/STM32F7xx_HAL_Driver/Src/stm32f7xx_hal_uart.o" --specs=nano.specs -mfpu=fpv5-sp-d16 -mfloat-abi=hard -mthumb -o "Drivers/STM32F7xx_HAL_Driver/Src/stm32f7xx_hal_uart.o"
arm-none-eabi-gcc "../Drivers/STM32F7xx_HAL_Driver/Src/stm32f7xx_hal_uart_ex.c" -mcpu=cortex-m7 -std=gnu11 -g3 -DUSE_HAL_DRIVER -DSTM32F746xx -DDEBUG -c -I../Core/Inc -I../Drivers/STM32F7xx_HAL_Driver/Inc -I../Drivers/STM32F7xx_HAL_Driver/Inc/Legacy -I../Drivers/CMSIS/Device/ST/STM32F7xx/Include -I../Drivers/CMSIS/Include -I../Middlewares/Third_Party/ARM_CMSIS/CMSIS/Core/Include/ -I../Middlewares/Third_Party/ARM_CMSIS/CMSIS/Core_A/Include/ -I../Middlewares/Third_Party/ARM_CMSIS/CMSIS/DSP/Include -O0 -ffunction-sections -fdata-sections -Wall -fstack-usage -MMD -MP -MF"Drivers/STM32F7xx_HAL_Driver/Src/stm32f7xx_hal_uart_ex.d" -MT"Drivers/STM32F7xx_HAL_Driver/Src/stm32f7xx_hal_uart_ex.o" --specs=nano.specs -mfpu=fpv5-sp-d16 -mfloat-abi=hard -mthumb -o "Drivers/STM32F7xx_HAL_Driver/Src/stm32f7xx_hal_uart_ex.o"
arm-none-eabi-gcc "../Core/Src/adc.c" -mcpu=cortex-m7 -std=gnu11 -g3 -DUSE_HAL_DRIVER -DSTM32F746xx -DDEBUG -c -I../Core/Inc -I../Drivers/STM32F7xx_HAL_Driver/Inc -I../Drivers/STM32F7xx_HAL_Driver/Inc/Legacy -I../Drivers/CMSIS/Device/ST/STM32F7xx/Include -I../Drivers/CMSIS/Include -I../Middlewares/Third_Party/ARM_CMSIS/CMSIS/Core/Include/ -I../Middlewares/Third_Party/ARM_CMSIS/CMSIS/Core_A/Include/ -I../Middlewares/Third_Party/ARM_CMSIS/CMSIS/DSP/Include -O0 -ffunction-sections -fdata-sections -Wall -fstack-usage -MMD -MP -MF"Core/Src/adc.d" -MT"Core/Src/adc.o" --specs=nano.specs -mfpu=fpv5-sp-d16 -mfloat-abi=hard -mthumb -o "Core/Src/adc.o"
arm-none-eabi-gcc "../Core/Src/communication.c" -mcpu=cortex-m7 -std=gnu11 -g3 -DUSE_HAL_DRIVER -DSTM32F746xx -DDEBUG -c -I../Core/Inc -I../Drivers/STM32F7xx_HAL_Driver/Inc -I../Drivers/STM32F7xx_HAL_Driver/Inc/Legacy -I../Drivers/CMSIS/Device/ST/STM32F7xx/Include -I../Drivers/CMSIS/Include -I../Middlewares/Third_Party/ARM_CMSIS/CMSIS/Core/Include/ -I../Middlewares/Third_Party/ARM_CMSIS/CMSIS/Core_A/Include/ -I../Middlewares/Third_Party/ARM_CMSIS/CMSIS/DSP/Include -O0 -ffunction-sections -fdata-sections -Wall -fstack-usage -MMD -MP -MF"Core/Src/communication.d" -MT"Core/Src/communication.o" --specs=nano.specs -mfpu=fpv5-sp-d16 -mfloat-abi=hard -mthumb -o "Core/Src/communication.o"
arm-none-eabi-gcc "../Core/Src/controller.c" -mcpu=cortex-m7 -std=gnu11 -g3 -DUSE_HAL_DRIVER -DSTM32F746xx -DDEBUG -c -I../Core/Inc -I../Drivers/STM32F7xx_HAL_Driver/Inc -I../Drivers/STM32F7xx_HAL_Driver/Inc/Legacy -I../Drivers/CMSIS/Device/ST/STM32F7xx/Include -I../Drivers/CMSIS/Include -I../Middlewares/Third_Party/ARM_CMSIS/CMSIS/Core/Include/ -I../Middlewares/Third_Party/ARM_CMSIS/CMSIS/Core_A/Include/ -I../Middlewares/Third_Party/ARM_CMSIS/CMSIS/DSP/Include -O0 -ffunction-sections -fdata-sections -Wall -fstack-usage -MMD -MP -MF"Core/Src/controller.d" -MT"Core/Src/controller.o" --specs=nano.specs -mfpu=fpv5-sp-d16 -mfloat-abi=hard -mthumb -o "Core/Src/controller.o"
arm-none-eabi-gcc "../Core/Src/dac.c" -mcpu=cortex-m7 -std=gnu11 -g3 -DUSE_HAL_DRIVER -DSTM32F746xx -DDEBUG -c -I../Core/Inc -I../Drivers/STM32F7xx_HAL_Driver/Inc -I../Drivers/STM32F7xx_HAL_Driver/Inc/Legacy -I../Drivers/CMSIS/Device/ST/STM32F7xx/Include -I../Drivers/CMSIS/Include -I../Middlewares/Third_Party/ARM_CMSIS/CMSIS/Core/Include/ -I../Middlewares/Third_Party/ARM_CMSIS/CMSIS/Core_A/Include/ -I../Middlewares/Third_Party/ARM_CMSIS/CMSIS/DSP/Include -O0 -ffunction-sections -fdata-sections -Wall -fstack-usage -MMD -MP -MF"Core/Src/dac.d" -MT"Core/Src/dac.o" --specs=nano.specs -mfpu=fpv5-sp-d16 -mfloat-abi=hard -mthumb -o "Core/Src/dac.o"
arm-none-eabi-gcc "../Core/Src/dma.c" -mcpu=cortex-m7 -std=gnu11 -g3 -DUSE_HAL_DRIVER -DSTM32F746xx -DDEBUG -c -I../Core/Inc -I../Drivers/STM32F7xx_HAL_Driver/Inc -I../Drivers/STM32F7xx_HAL_Driver/Inc/Legacy -I../Drivers/CMSIS/Device/ST/STM32F7xx/Include -I../Drivers/CMSIS/Include -I../Middlewares/Third_Party/ARM_CMSIS/CMSIS/Core/Include/ -I../Middlewares/Third_Party/ARM_CMSIS/CMSIS/Core_A/Include/ -I../Middlewares/Third_Party/ARM_CMSIS/CMSIS/DSP/Include -O0 -ffunction-sections -fdata-sections -Wall -fstack-usage -MMD -MP -MF"Core/Src/dma.d" -MT"Core/Src/dma.o" --specs=nano.specs -mfpu=fpv5-sp-d16 -mfloat-abi=hard -mthumb -o "Core/Src/dma.o"
arm-none-eabi-gcc "../Core/Src/gpio.c" -mcpu=cortex-m7 -std=gnu11 -g3 -DUSE_HAL_DRIVER -DSTM32F746xx -DDEBUG -c -I../Core/Inc -I../Drivers/STM32F7xx_HAL_Driver/Inc -I../Drivers/STM32F7xx_HAL_Driver/Inc/Legacy -I../Drivers/CMSIS/Device/ST/STM32F7xx/Include -I../Drivers/CMSIS/Include -I../Middlewares/Third_Party/ARM_CMSIS/CMSIS/Core/Include/ -I../Middlewares/Third_Party/ARM_CMSIS/CMSIS/Core_A/Include/ -I../Middlewares/Third_Party/ARM_CMSIS/CMSIS/DSP/Include -O0 -ffunction-sections -fdata-sections -Wall -fstack-usage -MMD -MP -MF"Core/Src/gpio.d" -MT"Core/Src/gpio.o" --specs=nano.specs -mfpu=fpv5-sp-d16 -mfloat-abi=hard -mthumb -o "Core/Src/gpio.o"
../Core/Src/communication.c: In function 'HAL_UART_RxCpltCallback':
../Core/Src/communication.c:20:10: warning: pointer targets in passing argument 1 of 'sscanf' differ in signedness [-Wpointer-sign]
   sscanf(data,"%d", &ref_val);
          ^~~~
In file included from ../Core/Inc/communication.h:15:0,
                 from ../Core/Src/communication.c:9:
c:\st\stm32cubeide_1.5.0\stm32cubeide\plugins\com.st.stm32cube.ide.mcu.externaltools.gnu-tools-for-stm32.7-2018-q2-update.win32_1.5.0.202011040924\tools\arm-none-eabi\include\stdio.h:204:5: note: expected 'const char * restrict' but argument is of type 'uint8_t * {aka unsigned char *}'
 int sscanf (const char *__restrict, const char *__restrict, ...)
     ^~~~~~
arm-none-eabi-gcc "../Core/Src/i2c.c" -mcpu=cortex-m7 -std=gnu11 -g3 -DUSE_HAL_DRIVER -DSTM32F746xx -DDEBUG -c -I../Core/Inc -I../Drivers/STM32F7xx_HAL_Driver/Inc -I../Drivers/STM32F7xx_HAL_Driver/Inc/Legacy -I../Drivers/CMSIS/Device/ST/STM32F7xx/Include -I../Drivers/CMSIS/Include -I../Middlewares/Third_Party/ARM_CMSIS/CMSIS/Core/Include/ -I../Middlewares/Third_Party/ARM_CMSIS/CMSIS/Core_A/Include/ -I../Middlewares/Third_Party/ARM_CMSIS/CMSIS/DSP/Include -O0 -ffunction-sections -fdata-sections -Wall -fstack-usage -MMD -MP -MF"Core/Src/i2c.d" -MT"Core/Src/i2c.o" --specs=nano.specs -mfpu=fpv5-sp-d16 -mfloat-abi=hard -mthumb -o "Core/Src/i2c.o"
arm-none-eabi-gcc "../Core/Src/main.c" -mcpu=cortex-m7 -std=gnu11 -g3 -DUSE_HAL_DRIVER -DSTM32F746xx -DDEBUG -c -I../Core/Inc -I../Drivers/STM32F7xx_HAL_Driver/Inc -I../Drivers/STM32F7xx_HAL_Driver/Inc/Legacy -I../Drivers/CMSIS/Device/ST/STM32F7xx/Include -I../Drivers/CMSIS/Include -I../Middlewares/Third_Party/ARM_CMSIS/CMSIS/Core/Include/ -I../Middlewares/Third_Party/ARM_CMSIS/CMSIS/Core_A/Include/ -I../Middlewares/Third_Party/ARM_CMSIS/CMSIS/DSP/Include -O0 -ffunction-sections -fdata-sections -Wall -fstack-usage -MMD -MP -MF"Core/Src/main.d" -MT"Core/Src/main.o" --specs=nano.specs -mfpu=fpv5-sp-d16 -mfloat-abi=hard -mthumb -o "Core/Src/main.o"
arm-none-eabi-gcc "../Core/Src/measurement.c" -mcpu=cortex-m7 -std=gnu11 -g3 -DUSE_HAL_DRIVER -DSTM32F746xx -DDEBUG -c -I../Core/Inc -I../Drivers/STM32F7xx_HAL_Driver/Inc -I../Drivers/STM32F7xx_HAL_Driver/Inc/Legacy -I../Drivers/CMSIS/Device/ST/STM32F7xx/Include -I../Drivers/CMSIS/Include -I../Middlewares/Third_Party/ARM_CMSIS/CMSIS/Core/Include/ -I../Middlewares/Third_Party/ARM_CMSIS/CMSIS/Core_A/Include/ -I../Middlewares/Third_Party/ARM_CMSIS/CMSIS/DSP/Include -O0 -ffunction-sections -fdata-sections -Wall -fstack-usage -MMD -MP -MF"Core/Src/measurement.d" -MT"Core/Src/measurement.o" --specs=nano.specs -mfpu=fpv5-sp-d16 -mfloat-abi=hard -mthumb -o "Core/Src/measurement.o"
arm-none-eabi-gcc "../Core/Src/pwm.c" -mcpu=cortex-m7 -std=gnu11 -g3 -DUSE_HAL_DRIVER -DSTM32F746xx -DDEBUG -c -I../Core/Inc -I../Drivers/STM32F7xx_HAL_Driver/Inc -I../Drivers/STM32F7xx_HAL_Driver/Inc/Legacy -I../Drivers/CMSIS/Device/ST/STM32F7xx/Include -I../Drivers/CMSIS/Include -I../Middlewares/Third_Party/ARM_CMSIS/CMSIS/Core/Include/ -I../Middlewares/Third_Party/ARM_CMSIS/CMSIS/Core_A/Include/ -I../Middlewares/Third_Party/ARM_CMSIS/CMSIS/DSP/Include -O0 -ffunction-sections -fdata-sections -Wall -fstack-usage -MMD -MP -MF"Core/Src/pwm.d" -MT"Core/Src/pwm.o" --specs=nano.specs -mfpu=fpv5-sp-d16 -mfloat-abi=hard -mthumb -o "Core/Src/pwm.o"
arm-none-eabi-gcc "../Core/Src/spi.c" -mcpu=cortex-m7 -std=gnu11 -g3 -DUSE_HAL_DRIVER -DSTM32F746xx -DDEBUG -c -I../Core/Inc -I../Drivers/STM32F7xx_HAL_Driver/Inc -I../Drivers/STM32F7xx_HAL_Driver/Inc/Legacy -I../Drivers/CMSIS/Device/ST/STM32F7xx/Include -I../Drivers/CMSIS/Include -I../Middlewares/Third_Party/ARM_CMSIS/CMSIS/Core/Include/ -I../Middlewares/Third_Party/ARM_CMSIS/CMSIS/Core_A/Include/ -I../Middlewares/Third_Party/ARM_CMSIS/CMSIS/DSP/Include -O0 -ffunction-sections -fdata-sections -Wall -fstack-usage -MMD -MP -MF"Core/Src/spi.d" -MT"Core/Src/spi.o" --specs=nano.specs -mfpu=fpv5-sp-d16 -mfloat-abi=hard -mthumb -o "Core/Src/spi.o"
arm-none-eabi-gcc "../Core/Src/stm32f7xx_hal_msp.c" -mcpu=cortex-m7 -std=gnu11 -g3 -DUSE_HAL_DRIVER -DSTM32F746xx -DDEBUG -c -I../Core/Inc -I../Drivers/STM32F7xx_HAL_Driver/Inc -I../Drivers/STM32F7xx_HAL_Driver/Inc/Legacy -I../Drivers/CMSIS/Device/ST/STM32F7xx/Include -I../Drivers/CMSIS/Include -I../Middlewares/Third_Party/ARM_CMSIS/CMSIS/Core/Include/ -I../Middlewares/Third_Party/ARM_CMSIS/CMSIS/Core_A/Include/ -I../Middlewares/Third_Party/ARM_CMSIS/CMSIS/DSP/Include -O0 -ffunction-sections -fdata-sections -Wall -fstack-usage -MMD -MP -MF"Core/Src/stm32f7xx_hal_msp.d" -MT"Core/Src/stm32f7xx_hal_msp.o" --specs=nano.specs -mfpu=fpv5-sp-d16 -mfloat-abi=hard -mthumb -o "Core/Src/stm32f7xx_hal_msp.o"
arm-none-eabi-gcc "../Core/Src/stm32f7xx_it.c" -mcpu=cortex-m7 -std=gnu11 -g3 -DUSE_HAL_DRIVER -DSTM32F746xx -DDEBUG -c -I../Core/Inc -I../Drivers/STM32F7xx_HAL_Driver/Inc -I../Drivers/STM32F7xx_HAL_Driver/Inc/Legacy -I../Drivers/CMSIS/Device/ST/STM32F7xx/Include -I../Drivers/CMSIS/Include -I../Middlewares/Third_Party/ARM_CMSIS/CMSIS/Core/Include/ -I../Middlewares/Third_Party/ARM_CMSIS/CMSIS/Core_A/Include/ -I../Middlewares/Third_Party/ARM_CMSIS/CMSIS/DSP/Include -O0 -ffunction-sections -fdata-sections -Wall -fstack-usage -MMD -MP -MF"Core/Src/stm32f7xx_it.d" -MT"Core/Src/stm32f7xx_it.o" --specs=nano.specs -mfpu=fpv5-sp-d16 -mfloat-abi=hard -mthumb -o "Core/Src/stm32f7xx_it.o"
arm-none-eabi-gcc "../Core/Src/system_stm32f7xx.c" -mcpu=cortex-m7 -std=gnu11 -g3 -DUSE_HAL_DRIVER -DSTM32F746xx -DDEBUG -c -I../Core/Inc -I../Drivers/STM32F7xx_HAL_Driver/Inc -I../Drivers/STM32F7xx_HAL_Driver/Inc/Legacy -I../Drivers/CMSIS/Device/ST/STM32F7xx/Include -I../Drivers/CMSIS/Include -I../Middlewares/Third_Party/ARM_CMSIS/CMSIS/Core/Include/ -I../Middlewares/Third_Party/ARM_CMSIS/CMSIS/Core_A/Include/ -I../Middlewares/Third_Party/ARM_CMSIS/CMSIS/DSP/Include -O0 -ffunction-sections -fdata-sections -Wall -fstack-usage -MMD -MP -MF"Core/Src/system_stm32f7xx.d" -MT"Core/Src/system_stm32f7xx.o" --specs=nano.specs -mfpu=fpv5-sp-d16 -mfloat-abi=hard -mthumb -o "Core/Src/system_stm32f7xx.o"
arm-none-eabi-gcc "../Core/Src/tim.c" -mcpu=cortex-m7 -std=gnu11 -g3 -DUSE_HAL_DRIVER -DSTM32F746xx -DDEBUG -c -I../Core/Inc -I../Drivers/STM32F7xx_HAL_Driver/Inc -I../Drivers/STM32F7xx_HAL_Driver/Inc/Legacy -I../Drivers/CMSIS/Device/ST/STM32F7xx/Include -I../Drivers/CMSIS/Include -I../Middlewares/Third_Party/ARM_CMSIS/CMSIS/Core/Include/ -I../Middlewares/Third_Party/ARM_CMSIS/CMSIS/Core_A/Include/ -I../Middlewares/Third_Party/ARM_CMSIS/CMSIS/DSP/Include -O0 -ffunction-sections -fdata-sections -Wall -fstack-usage -MMD -MP -MF"Core/Src/tim.d" -MT"Core/Src/tim.o" --specs=nano.specs -mfpu=fpv5-sp-d16 -mfloat-abi=hard -mthumb -o "Core/Src/tim.o"
arm-none-eabi-gcc "../Core/Src/usart.c" -mcpu=cortex-m7 -std=gnu11 -g3 -DUSE_HAL_DRIVER -DSTM32F746xx -DDEBUG -c -I../Core/Inc -I../Drivers/STM32F7xx_HAL_Driver/Inc -I../Drivers/STM32F7xx_HAL_Driver/Inc/Legacy -I../Drivers/CMSIS/Device/ST/STM32F7xx/Include -I../Drivers/CMSIS/Include -I../Middlewares/Third_Party/ARM_CMSIS/CMSIS/Core/Include/ -I../Middlewares/Third_Party/ARM_CMSIS/CMSIS/Core_A/Include/ -I../Middlewares/Third_Party/ARM_CMSIS/CMSIS/DSP/Include -O0 -ffunction-sections -fdata-sections -Wall -fstack-usage -MMD -MP -MF"Core/Src/usart.d" -MT"Core/Src/usart.o" --specs=nano.specs -mfpu=fpv5-sp-d16 -mfloat-abi=hard -mthumb -o "Core/Src/usart.o"
arm-none-eabi-gcc -o "FINAL PROJ.elf" @"objects.list"   -mcpu=cortex-m7 -T"D:\sem5\Mircro Processor\Lab\final proj\Final Project Testing\ide\FINAL PROJ\STM32F746ZGTX_FLASH.ld" --specs=nosys.specs -Wl,-Map="FINAL PROJ.map" -Wl,--gc-sections -static -L"C:\Users\Zishi Liu\STM32Cube\Repository\Packs\ARM\CMSIS\5.7.0\CMSIS\DSP\Lib\GCC" --specs=nano.specs -mfpu=fpv5-sp-d16 -mfloat-abi=hard -mthumb -Wl,--start-group -lc -lm -Wl,--end-group
Finished building target: FINAL PROJ.elf
 
arm-none-eabi-objdump -h -S  FINAL\ PROJ.elf  > "FINAL PROJ.list"
arm-none-eabi-objcopy  -O binary  FINAL\ PROJ.elf  "FINAL PROJ.bin"
arm-none-eabi-size   FINAL\ PROJ.elf 
   text	   data	    bss	    dec	    hex	filename
  33136	    484	   2484	  36104	   8d08	FINAL PROJ.elf
Finished building: default.size.stdout
 
Finished building: FINAL PROJ.bin
 
Finished building: FINAL PROJ.list
 
14:40:28 **** Incremental Build of configuration Debug for project FINAL PROJ ****
make -j8 all 
arm-none-eabi-size   FINAL\ PROJ.elf 
   text	   data	    bss	    dec	    hex	filename
  33136	    484	   2484	  36104	   8d08	FINAL PROJ.elf
Finished building: default.size.stdout
 
14:41:20 **** Incremental Build of configuration Debug for project FINAL PROJ ****
make -j8 all 
arm-none-eabi-size   FINAL\ PROJ.elf 
   text	   data	    bss	    dec	    hex	filename
  33136	    484	   2484	  36104	   8d08	FINAL PROJ.elf
Finished building: default.size.stdout
 
15:29:14 **** Incremental Build of configuration Debug for project FINAL PROJ ****
make -j8 all 
arm-none-eabi-size   FINAL\ PROJ.elf 
   text	   data	    bss	    dec	    hex	filename
  33136	    484	   2484	  36104	   8d08	FINAL PROJ.elf
Finished building: default.size.stdout
 
15:29:14 **** Build of configuration Debug for project final_project ****
make -j8 all 
arm-none-eabi-gcc "../Drivers/STM32F7xx_HAL_Driver/Src/stm32f7xx_hal.c" -mcpu=cortex-m7 -std=gnu11 -g3 -DUSE_HAL_DRIVER -DSTM32F746xx -DDEBUG -c -I../Core/Inc -I../Drivers/STM32F7xx_HAL_Driver/Inc -I../Drivers/STM32F7xx_HAL_Driver/Inc/Legacy -I../Drivers/CMSIS/Device/ST/STM32F7xx/Include -I../Drivers/CMSIS/Include -O0 -ffunction-sections -fdata-sections -Wall -fstack-usage -MMD -MP -MF"Drivers/STM32F7xx_HAL_Driver/Src/stm32f7xx_hal.d" -MT"Drivers/STM32F7xx_HAL_Driver/Src/stm32f7xx_hal.o" --specs=nano.specs -mfpu=fpv5-sp-d16 -mfloat-abi=hard -mthumb -o "Drivers/STM32F7xx_HAL_Driver/Src/stm32f7xx_hal.o"
arm-none-eabi-gcc "../Drivers/STM32F7xx_HAL_Driver/Src/stm32f7xx_hal_cortex.c" -mcpu=cortex-m7 -std=gnu11 -g3 -DUSE_HAL_DRIVER -DSTM32F746xx -DDEBUG -c -I../Core/Inc -I../Drivers/STM32F7xx_HAL_Driver/Inc -I../Drivers/STM32F7xx_HAL_Driver/Inc/Legacy -I../Drivers/CMSIS/Device/ST/STM32F7xx/Include -I../Drivers/CMSIS/Include -O0 -ffunction-sections -fdata-sections -Wall -fstack-usage -MMD -MP -MF"Drivers/STM32F7xx_HAL_Driver/Src/stm32f7xx_hal_cortex.d" -MT"Drivers/STM32F7xx_HAL_Driver/Src/stm32f7xx_hal_cortex.o" --specs=nano.specs -mfpu=fpv5-sp-d16 -mfloat-abi=hard -mthumb -o "Drivers/STM32F7xx_HAL_Driver/Src/stm32f7xx_hal_cortex.o"
arm-none-eabi-gcc "../Drivers/STM32F7xx_HAL_Driver/Src/stm32f7xx_hal_dma.c" -mcpu=cortex-m7 -std=gnu11 -g3 -DUSE_HAL_DRIVER -DSTM32F746xx -DDEBUG -c -I../Core/Inc -I../Drivers/STM32F7xx_HAL_Driver/Inc -I../Drivers/STM32F7xx_HAL_Driver/Inc/Legacy -I../Drivers/CMSIS/Device/ST/STM32F7xx/Include -I../Drivers/CMSIS/Include -O0 -ffunction-sections -fdata-sections -Wall -fstack-usage -MMD -MP -MF"Drivers/STM32F7xx_HAL_Driver/Src/stm32f7xx_hal_dma.d" -MT"Drivers/STM32F7xx_HAL_Driver/Src/stm32f7xx_hal_dma.o" --specs=nano.specs -mfpu=fpv5-sp-d16 -mfloat-abi=hard -mthumb -o "Drivers/STM32F7xx_HAL_Driver/Src/stm32f7xx_hal_dma.o"
arm-none-eabi-gcc "../Drivers/STM32F7xx_HAL_Driver/Src/stm32f7xx_hal_dma_ex.c" -mcpu=cortex-m7 -std=gnu11 -g3 -DUSE_HAL_DRIVER -DSTM32F746xx -DDEBUG -c -I../Core/Inc -I../Drivers/STM32F7xx_HAL_Driver/Inc -I../Drivers/STM32F7xx_HAL_Driver/Inc/Legacy -I../Drivers/CMSIS/Device/ST/STM32F7xx/Include -I../Drivers/CMSIS/Include -O0 -ffunction-sections -fdata-sections -Wall -fstack-usage -MMD -MP -MF"Drivers/STM32F7xx_HAL_Driver/Src/stm32f7xx_hal_dma_ex.d" -MT"Drivers/STM32F7xx_HAL_Driver/Src/stm32f7xx_hal_dma_ex.o" --specs=nano.specs -mfpu=fpv5-sp-d16 -mfloat-abi=hard -mthumb -o "Drivers/STM32F7xx_HAL_Driver/Src/stm32f7xx_hal_dma_ex.o"
arm-none-eabi-gcc "../Drivers/STM32F7xx_HAL_Driver/Src/stm32f7xx_hal_exti.c" -mcpu=cortex-m7 -std=gnu11 -g3 -DUSE_HAL_DRIVER -DSTM32F746xx -DDEBUG -c -I../Core/Inc -I../Drivers/STM32F7xx_HAL_Driver/Inc -I../Drivers/STM32F7xx_HAL_Driver/Inc/Legacy -I../Drivers/CMSIS/Device/ST/STM32F7xx/Include -I../Drivers/CMSIS/Include -O0 -ffunction-sections -fdata-sections -Wall -fstack-usage -MMD -MP -MF"Drivers/STM32F7xx_HAL_Driver/Src/stm32f7xx_hal_exti.d" -MT"Drivers/STM32F7xx_HAL_Driver/Src/stm32f7xx_hal_exti.o" --specs=nano.specs -mfpu=fpv5-sp-d16 -mfloat-abi=hard -mthumb -o "Drivers/STM32F7xx_HAL_Driver/Src/stm32f7xx_hal_exti.o"
arm-none-eabi-gcc "../Drivers/STM32F7xx_HAL_Driver/Src/stm32f7xx_hal_flash.c" -mcpu=cortex-m7 -std=gnu11 -g3 -DUSE_HAL_DRIVER -DSTM32F746xx -DDEBUG -c -I../Core/Inc -I../Drivers/STM32F7xx_HAL_Driver/Inc -I../Drivers/STM32F7xx_HAL_Driver/Inc/Legacy -I../Drivers/CMSIS/Device/ST/STM32F7xx/Include -I../Drivers/CMSIS/Include -O0 -ffunction-sections -fdata-sections -Wall -fstack-usage -MMD -MP -MF"Drivers/STM32F7xx_HAL_Driver/Src/stm32f7xx_hal_flash.d" -MT"Drivers/STM32F7xx_HAL_Driver/Src/stm32f7xx_hal_flash.o" --specs=nano.specs -mfpu=fpv5-sp-d16 -mfloat-abi=hard -mthumb -o "Drivers/STM32F7xx_HAL_Driver/Src/stm32f7xx_hal_flash.o"
arm-none-eabi-gcc "../Drivers/STM32F7xx_HAL_Driver/Src/stm32f7xx_hal_flash_ex.c" -mcpu=cortex-m7 -std=gnu11 -g3 -DUSE_HAL_DRIVER -DSTM32F746xx -DDEBUG -c -I../Core/Inc -I../Drivers/STM32F7xx_HAL_Driver/Inc -I../Drivers/STM32F7xx_HAL_Driver/Inc/Legacy -I../Drivers/CMSIS/Device/ST/STM32F7xx/Include -I../Drivers/CMSIS/Include -O0 -ffunction-sections -fdata-sections -Wall -fstack-usage -MMD -MP -MF"Drivers/STM32F7xx_HAL_Driver/Src/stm32f7xx_hal_flash_ex.d" -MT"Drivers/STM32F7xx_HAL_Driver/Src/stm32f7xx_hal_flash_ex.o" --specs=nano.specs -mfpu=fpv5-sp-d16 -mfloat-abi=hard -mthumb -o "Drivers/STM32F7xx_HAL_Driver/Src/stm32f7xx_hal_flash_ex.o"
arm-none-eabi-gcc "../Drivers/STM32F7xx_HAL_Driver/Src/stm32f7xx_hal_gpio.c" -mcpu=cortex-m7 -std=gnu11 -g3 -DUSE_HAL_DRIVER -DSTM32F746xx -DDEBUG -c -I../Core/Inc -I../Drivers/STM32F7xx_HAL_Driver/Inc -I../Drivers/STM32F7xx_HAL_Driver/Inc/Legacy -I../Drivers/CMSIS/Device/ST/STM32F7xx/Include -I../Drivers/CMSIS/Include -O0 -ffunction-sections -fdata-sections -Wall -fstack-usage -MMD -MP -MF"Drivers/STM32F7xx_HAL_Driver/Src/stm32f7xx_hal_gpio.d" -MT"Drivers/STM32F7xx_HAL_Driver/Src/stm32f7xx_hal_gpio.o" --specs=nano.specs -mfpu=fpv5-sp-d16 -mfloat-abi=hard -mthumb -o "Drivers/STM32F7xx_HAL_Driver/Src/stm32f7xx_hal_gpio.o"
arm-none-eabi-gcc "../Drivers/STM32F7xx_HAL_Driver/Src/stm32f7xx_hal_i2c.c" -mcpu=cortex-m7 -std=gnu11 -g3 -DUSE_HAL_DRIVER -DSTM32F746xx -DDEBUG -c -I../Core/Inc -I../Drivers/STM32F7xx_HAL_Driver/Inc -I../Drivers/STM32F7xx_HAL_Driver/Inc/Legacy -I../Drivers/CMSIS/Device/ST/STM32F7xx/Include -I../Drivers/CMSIS/Include -O0 -ffunction-sections -fdata-sections -Wall -fstack-usage -MMD -MP -MF"Drivers/STM32F7xx_HAL_Driver/Src/stm32f7xx_hal_i2c.d" -MT"Drivers/STM32F7xx_HAL_Driver/Src/stm32f7xx_hal_i2c.o" --specs=nano.specs -mfpu=fpv5-sp-d16 -mfloat-abi=hard -mthumb -o "Drivers/STM32F7xx_HAL_Driver/Src/stm32f7xx_hal_i2c.o"
arm-none-eabi-gcc "../Drivers/STM32F7xx_HAL_Driver/Src/stm32f7xx_hal_i2c_ex.c" -mcpu=cortex-m7 -std=gnu11 -g3 -DUSE_HAL_DRIVER -DSTM32F746xx -DDEBUG -c -I../Core/Inc -I../Drivers/STM32F7xx_HAL_Driver/Inc -I../Drivers/STM32F7xx_HAL_Driver/Inc/Legacy -I../Drivers/CMSIS/Device/ST/STM32F7xx/Include -I../Drivers/CMSIS/Include -O0 -ffunction-sections -fdata-sections -Wall -fstack-usage -MMD -MP -MF"Drivers/STM32F7xx_HAL_Driver/Src/stm32f7xx_hal_i2c_ex.d" -MT"Drivers/STM32F7xx_HAL_Driver/Src/stm32f7xx_hal_i2c_ex.o" --specs=nano.specs -mfpu=fpv5-sp-d16 -mfloat-abi=hard -mthumb -o "Drivers/STM32F7xx_HAL_Driver/Src/stm32f7xx_hal_i2c_ex.o"
arm-none-eabi-gcc "../Drivers/STM32F7xx_HAL_Driver/Src/stm32f7xx_hal_pwr.c" -mcpu=cortex-m7 -std=gnu11 -g3 -DUSE_HAL_DRIVER -DSTM32F746xx -DDEBUG -c -I../Core/Inc -I../Drivers/STM32F7xx_HAL_Driver/Inc -I../Drivers/STM32F7xx_HAL_Driver/Inc/Legacy -I../Drivers/CMSIS/Device/ST/STM32F7xx/Include -I../Drivers/CMSIS/Include -O0 -ffunction-sections -fdata-sections -Wall -fstack-usage -MMD -MP -MF"Drivers/STM32F7xx_HAL_Driver/Src/stm32f7xx_hal_pwr.d" -MT"Drivers/STM32F7xx_HAL_Driver/Src/stm32f7xx_hal_pwr.o" --specs=nano.specs -mfpu=fpv5-sp-d16 -mfloat-abi=hard -mthumb -o "Drivers/STM32F7xx_HAL_Driver/Src/stm32f7xx_hal_pwr.o"
arm-none-eabi-gcc "../Drivers/STM32F7xx_HAL_Driver/Src/stm32f7xx_hal_pwr_ex.c" -mcpu=cortex-m7 -std=gnu11 -g3 -DUSE_HAL_DRIVER -DSTM32F746xx -DDEBUG -c -I../Core/Inc -I../Drivers/STM32F7xx_HAL_Driver/Inc -I../Drivers/STM32F7xx_HAL_Driver/Inc/Legacy -I../Drivers/CMSIS/Device/ST/STM32F7xx/Include -I../Drivers/CMSIS/Include -O0 -ffunction-sections -fdata-sections -Wall -fstack-usage -MMD -MP -MF"Drivers/STM32F7xx_HAL_Driver/Src/stm32f7xx_hal_pwr_ex.d" -MT"Drivers/STM32F7xx_HAL_Driver/Src/stm32f7xx_hal_pwr_ex.o" --specs=nano.specs -mfpu=fpv5-sp-d16 -mfloat-abi=hard -mthumb -o "Drivers/STM32F7xx_HAL_Driver/Src/stm32f7xx_hal_pwr_ex.o"
arm-none-eabi-gcc "../Drivers/STM32F7xx_HAL_Driver/Src/stm32f7xx_hal_rcc.c" -mcpu=cortex-m7 -std=gnu11 -g3 -DUSE_HAL_DRIVER -DSTM32F746xx -DDEBUG -c -I../Core/Inc -I../Drivers/STM32F7xx_HAL_Driver/Inc -I../Drivers/STM32F7xx_HAL_Driver/Inc/Legacy -I../Drivers/CMSIS/Device/ST/STM32F7xx/Include -I../Drivers/CMSIS/Include -O0 -ffunction-sections -fdata-sections -Wall -fstack-usage -MMD -MP -MF"Drivers/STM32F7xx_HAL_Driver/Src/stm32f7xx_hal_rcc.d" -MT"Drivers/STM32F7xx_HAL_Driver/Src/stm32f7xx_hal_rcc.o" --specs=nano.specs -mfpu=fpv5-sp-d16 -mfloat-abi=hard -mthumb -o "Drivers/STM32F7xx_HAL_Driver/Src/stm32f7xx_hal_rcc.o"
arm-none-eabi-gcc "../Drivers/STM32F7xx_HAL_Driver/Src/stm32f7xx_hal_rcc_ex.c" -mcpu=cortex-m7 -std=gnu11 -g3 -DUSE_HAL_DRIVER -DSTM32F746xx -DDEBUG -c -I../Core/Inc -I../Drivers/STM32F7xx_HAL_Driver/Inc -I../Drivers/STM32F7xx_HAL_Driver/Inc/Legacy -I../Drivers/CMSIS/Device/ST/STM32F7xx/Include -I../Drivers/CMSIS/Include -O0 -ffunction-sections -fdata-sections -Wall -fstack-usage -MMD -MP -MF"Drivers/STM32F7xx_HAL_Driver/Src/stm32f7xx_hal_rcc_ex.d" -MT"Drivers/STM32F7xx_HAL_Driver/Src/stm32f7xx_hal_rcc_ex.o" --specs=nano.specs -mfpu=fpv5-sp-d16 -mfloat-abi=hard -mthumb -o "Drivers/STM32F7xx_HAL_Driver/Src/stm32f7xx_hal_rcc_ex.o"
arm-none-eabi-gcc "../Drivers/STM32F7xx_HAL_Driver/Src/stm32f7xx_hal_tim.c" -mcpu=cortex-m7 -std=gnu11 -g3 -DUSE_HAL_DRIVER -DSTM32F746xx -DDEBUG -c -I../Core/Inc -I../Drivers/STM32F7xx_HAL_Driver/Inc -I../Drivers/STM32F7xx_HAL_Driver/Inc/Legacy -I../Drivers/CMSIS/Device/ST/STM32F7xx/Include -I../Drivers/CMSIS/Include -O0 -ffunction-sections -fdata-sections -Wall -fstack-usage -MMD -MP -MF"Drivers/STM32F7xx_HAL_Driver/Src/stm32f7xx_hal_tim.d" -MT"Drivers/STM32F7xx_HAL_Driver/Src/stm32f7xx_hal_tim.o" --specs=nano.specs -mfpu=fpv5-sp-d16 -mfloat-abi=hard -mthumb -o "Drivers/STM32F7xx_HAL_Driver/Src/stm32f7xx_hal_tim.o"
arm-none-eabi-gcc "../Drivers/STM32F7xx_HAL_Driver/Src/stm32f7xx_hal_tim_ex.c" -mcpu=cortex-m7 -std=gnu11 -g3 -DUSE_HAL_DRIVER -DSTM32F746xx -DDEBUG -c -I../Core/Inc -I../Drivers/STM32F7xx_HAL_Driver/Inc -I../Drivers/STM32F7xx_HAL_Driver/Inc/Legacy -I../Drivers/CMSIS/Device/ST/STM32F7xx/Include -I../Drivers/CMSIS/Include -O0 -ffunction-sections -fdata-sections -Wall -fstack-usage -MMD -MP -MF"Drivers/STM32F7xx_HAL_Driver/Src/stm32f7xx_hal_tim_ex.d" -MT"Drivers/STM32F7xx_HAL_Driver/Src/stm32f7xx_hal_tim_ex.o" --specs=nano.specs -mfpu=fpv5-sp-d16 -mfloat-abi=hard -mthumb -o "Drivers/STM32F7xx_HAL_Driver/Src/stm32f7xx_hal_tim_ex.o"
arm-none-eabi-gcc "../Drivers/STM32F7xx_HAL_Driver/Src/stm32f7xx_hal_uart.c" -mcpu=cortex-m7 -std=gnu11 -g3 -DUSE_HAL_DRIVER -DSTM32F746xx -DDEBUG -c -I../Core/Inc -I../Drivers/STM32F7xx_HAL_Driver/Inc -I../Drivers/STM32F7xx_HAL_Driver/Inc/Legacy -I../Drivers/CMSIS/Device/ST/STM32F7xx/Include -I../Drivers/CMSIS/Include -O0 -ffunction-sections -fdata-sections -Wall -fstack-usage -MMD -MP -MF"Drivers/STM32F7xx_HAL_Driver/Src/stm32f7xx_hal_uart.d" -MT"Drivers/STM32F7xx_HAL_Driver/Src/stm32f7xx_hal_uart.o" --specs=nano.specs -mfpu=fpv5-sp-d16 -mfloat-abi=hard -mthumb -o "Drivers/STM32F7xx_HAL_Driver/Src/stm32f7xx_hal_uart.o"
arm-none-eabi-gcc "../Drivers/STM32F7xx_HAL_Driver/Src/stm32f7xx_hal_uart_ex.c" -mcpu=cortex-m7 -std=gnu11 -g3 -DUSE_HAL_DRIVER -DSTM32F746xx -DDEBUG -c -I../Core/Inc -I../Drivers/STM32F7xx_HAL_Driver/Inc -I../Drivers/STM32F7xx_HAL_Driver/Inc/Legacy -I../Drivers/CMSIS/Device/ST/STM32F7xx/Include -I../Drivers/CMSIS/Include -O0 -ffunction-sections -fdata-sections -Wall -fstack-usage -MMD -MP -MF"Drivers/STM32F7xx_HAL_Driver/Src/stm32f7xx_hal_uart_ex.d" -MT"Drivers/STM32F7xx_HAL_Driver/Src/stm32f7xx_hal_uart_ex.o" --specs=nano.specs -mfpu=fpv5-sp-d16 -mfloat-abi=hard -mthumb -o "Drivers/STM32F7xx_HAL_Driver/Src/stm32f7xx_hal_uart_ex.o"
arm-none-eabi-gcc -mcpu=cortex-m7 -g3 -c -x assembler-with-cpp -MMD -MP -MF"Core/Startup/startup_stm32f746zgtx.d" -MT"Core/Startup/startup_stm32f746zgtx.o" --specs=nano.specs -mfpu=fpv5-sp-d16 -mfloat-abi=hard -mthumb -o "Core/Startup/startup_stm32f746zgtx.o" "../Core/Startup/startup_stm32f746zgtx.s"
arm-none-eabi-gcc "../Core/Src/gpio.c" -mcpu=cortex-m7 -std=gnu11 -g3 -DUSE_HAL_DRIVER -DSTM32F746xx -DDEBUG -c -I../Core/Inc -I../Drivers/STM32F7xx_HAL_Driver/Inc -I../Drivers/STM32F7xx_HAL_Driver/Inc/Legacy -I../Drivers/CMSIS/Device/ST/STM32F7xx/Include -I../Drivers/CMSIS/Include -O0 -ffunction-sections -fdata-sections -Wall -fstack-usage -MMD -MP -MF"Core/Src/gpio.d" -MT"Core/Src/gpio.o" --specs=nano.specs -mfpu=fpv5-sp-d16 -mfloat-abi=hard -mthumb -o "Core/Src/gpio.o"
arm-none-eabi-gcc "../Core/Src/main.c" -mcpu=cortex-m7 -std=gnu11 -g3 -DUSE_HAL_DRIVER -DSTM32F746xx -DDEBUG -c -I../Core/Inc -I../Drivers/STM32F7xx_HAL_Driver/Inc -I../Drivers/STM32F7xx_HAL_Driver/Inc/Legacy -I../Drivers/CMSIS/Device/ST/STM32F7xx/Include -I../Drivers/CMSIS/Include -O0 -ffunction-sections -fdata-sections -Wall -fstack-usage -MMD -MP -MF"Core/Src/main.d" -MT"Core/Src/main.o" --specs=nano.specs -mfpu=fpv5-sp-d16 -mfloat-abi=hard -mthumb -o "Core/Src/main.o"
arm-none-eabi-gcc "../Core/Src/stm32f7xx_hal_msp.c" -mcpu=cortex-m7 -std=gnu11 -g3 -DUSE_HAL_DRIVER -DSTM32F746xx -DDEBUG -c -I../Core/Inc -I../Drivers/STM32F7xx_HAL_Driver/Inc -I../Drivers/STM32F7xx_HAL_Driver/Inc/Legacy -I../Drivers/CMSIS/Device/ST/STM32F7xx/Include -I../Drivers/CMSIS/Include -O0 -ffunction-sections -fdata-sections -Wall -fstack-usage -MMD -MP -MF"Core/Src/stm32f7xx_hal_msp.d" -MT"Core/Src/stm32f7xx_hal_msp.o" --specs=nano.specs -mfpu=fpv5-sp-d16 -mfloat-abi=hard -mthumb -o "Core/Src/stm32f7xx_hal_msp.o"
arm-none-eabi-gcc "../Core/Src/stm32f7xx_it.c" -mcpu=cortex-m7 -std=gnu11 -g3 -DUSE_HAL_DRIVER -DSTM32F746xx -DDEBUG -c -I../Core/Inc -I../Drivers/STM32F7xx_HAL_Driver/Inc -I../Drivers/STM32F7xx_HAL_Driver/Inc/Legacy -I../Drivers/CMSIS/Device/ST/STM32F7xx/Include -I../Drivers/CMSIS/Include -O0 -ffunction-sections -fdata-sections -Wall -fstack-usage -MMD -MP -MF"Core/Src/stm32f7xx_it.d" -MT"Core/Src/stm32f7xx_it.o" --specs=nano.specs -mfpu=fpv5-sp-d16 -mfloat-abi=hard -mthumb -o "Core/Src/stm32f7xx_it.o"
arm-none-eabi-gcc "../Core/Src/syscalls.c" -mcpu=cortex-m7 -std=gnu11 -g3 -DUSE_HAL_DRIVER -DSTM32F746xx -DDEBUG -c -I../Core/Inc -I../Drivers/STM32F7xx_HAL_Driver/Inc -I../Drivers/STM32F7xx_HAL_Driver/Inc/Legacy -I../Drivers/CMSIS/Device/ST/STM32F7xx/Include -I../Drivers/CMSIS/Include -O0 -ffunction-sections -fdata-sections -Wall -fstack-usage -MMD -MP -MF"Core/Src/syscalls.d" -MT"Core/Src/syscalls.o" --specs=nano.specs -mfpu=fpv5-sp-d16 -mfloat-abi=hard -mthumb -o "Core/Src/syscalls.o"
arm-none-eabi-gcc "../Core/Src/sysmem.c" -mcpu=cortex-m7 -std=gnu11 -g3 -DUSE_HAL_DRIVER -DSTM32F746xx -DDEBUG -c -I../Core/Inc -I../Drivers/STM32F7xx_HAL_Driver/Inc -I../Drivers/STM32F7xx_HAL_Driver/Inc/Legacy -I../Drivers/CMSIS/Device/ST/STM32F7xx/Include -I../Drivers/CMSIS/Include -O0 -ffunction-sections -fdata-sections -Wall -fstack-usage -MMD -MP -MF"Core/Src/sysmem.d" -MT"Core/Src/sysmem.o" --specs=nano.specs -mfpu=fpv5-sp-d16 -mfloat-abi=hard -mthumb -o "Core/Src/sysmem.o"
arm-none-eabi-gcc "../Core/Src/system_stm32f7xx.c" -mcpu=cortex-m7 -std=gnu11 -g3 -DUSE_HAL_DRIVER -DSTM32F746xx -DDEBUG -c -I../Core/Inc -I../Drivers/STM32F7xx_HAL_Driver/Inc -I../Drivers/STM32F7xx_HAL_Driver/Inc/Legacy -I../Drivers/CMSIS/Device/ST/STM32F7xx/Include -I../Drivers/CMSIS/Include -O0 -ffunction-sections -fdata-sections -Wall -fstack-usage -MMD -MP -MF"Core/Src/system_stm32f7xx.d" -MT"Core/Src/system_stm32f7xx.o" --specs=nano.specs -mfpu=fpv5-sp-d16 -mfloat-abi=hard -mthumb -o "Core/Src/system_stm32f7xx.o"
arm-none-eabi-gcc "../Core/Src/tim.c" -mcpu=cortex-m7 -std=gnu11 -g3 -DUSE_HAL_DRIVER -DSTM32F746xx -DDEBUG -c -I../Core/Inc -I../Drivers/STM32F7xx_HAL_Driver/Inc -I../Drivers/STM32F7xx_HAL_Driver/Inc/Legacy -I../Drivers/CMSIS/Device/ST/STM32F7xx/Include -I../Drivers/CMSIS/Include -O0 -ffunction-sections -fdata-sections -Wall -fstack-usage -MMD -MP -MF"Core/Src/tim.d" -MT"Core/Src/tim.o" --specs=nano.specs -mfpu=fpv5-sp-d16 -mfloat-abi=hard -mthumb -o "Core/Src/tim.o"
arm-none-eabi-gcc "../Core/Src/usart.c" -mcpu=cortex-m7 -std=gnu11 -g3 -DUSE_HAL_DRIVER -DSTM32F746xx -DDEBUG -c -I../Core/Inc -I../Drivers/STM32F7xx_HAL_Driver/Inc -I../Drivers/STM32F7xx_HAL_Driver/Inc/Legacy -I../Drivers/CMSIS/Device/ST/STM32F7xx/Include -I../Drivers/CMSIS/Include -O0 -ffunction-sections -fdata-sections -Wall -fstack-usage -MMD -MP -MF"Core/Src/usart.d" -MT"Core/Src/usart.o" --specs=nano.specs -mfpu=fpv5-sp-d16 -mfloat-abi=hard -mthumb -o "Core/Src/usart.o"
arm-none-eabi-gcc -o "final_project.elf" @"objects.list"   -mcpu=cortex-m7 -T"D:\sem5\Mircro Processor\Lab\final proj\Final Proj. Group\ide\STM32F746ZGTX_FLASH.ld" --specs=nosys.specs -Wl,-Map="final_project.map" -Wl,--gc-sections -static --specs=nano.specs -mfpu=fpv5-sp-d16 -mfloat-abi=hard -mthumb -Wl,--start-group -lc -lm -Wl,--end-group
Finished building target: final_project.elf
 
arm-none-eabi-size   final_project.elf 
arm-none-eabi-objdump -h -S  final_project.elf  > "final_project.list"
arm-none-eabi-objcopy  -O binary  final_project.elf  "final_project.bin"
   text	   data	    bss	    dec	    hex	filename
  17676	     20	   1892	  19588	   4c84	final_project.elf
Finished building: default.size.stdout
 
Finished building: final_project.bin
 
Finished building: final_project.list
 
15:49:13 **** Incremental Build of configuration Debug for project FINAL PROJ ****
make -j8 all 
arm-none-eabi-gcc "../Core/Src/main.c" -mcpu=cortex-m7 -std=gnu11 -g3 -DUSE_HAL_DRIVER -DSTM32F746xx -DDEBUG -c -I../Core/Inc -I../Drivers/STM32F7xx_HAL_Driver/Inc -I../Drivers/STM32F7xx_HAL_Driver/Inc/Legacy -I../Drivers/CMSIS/Device/ST/STM32F7xx/Include -I../Drivers/CMSIS/Include -I../Middlewares/Third_Party/ARM_CMSIS/CMSIS/Core/Include/ -I../Middlewares/Third_Party/ARM_CMSIS/CMSIS/Core_A/Include/ -I../Middlewares/Third_Party/ARM_CMSIS/CMSIS/DSP/Include -O0 -ffunction-sections -fdata-sections -Wall -fstack-usage -MMD -MP -MF"Core/Src/main.d" -MT"Core/Src/main.o" --specs=nano.specs -mfpu=fpv5-sp-d16 -mfloat-abi=hard -mthumb -o "Core/Src/main.o"
arm-none-eabi-gcc -o "FINAL PROJ.elf" @"objects.list"   -mcpu=cortex-m7 -T"D:\sem5\Mircro Processor\Lab\final proj\Final Project Testing\ide\FINAL PROJ\STM32F746ZGTX_FLASH.ld" --specs=nosys.specs -Wl,-Map="FINAL PROJ.map" -Wl,--gc-sections -static -L"C:\Users\Zishi Liu\STM32Cube\Repository\Packs\ARM\CMSIS\5.7.0\CMSIS\DSP\Lib\GCC" --specs=nano.specs -mfpu=fpv5-sp-d16 -mfloat-abi=hard -mthumb -Wl,--start-group -lc -lm -Wl,--end-group
Finished building target: FINAL PROJ.elf
 
arm-none-eabi-objdump -h -S  FINAL\ PROJ.elf  > "FINAL PROJ.list"
arm-none-eabi-objcopy  -O binary  FINAL\ PROJ.elf  "FINAL PROJ.bin"
arm-none-eabi-size   FINAL\ PROJ.elf 
   text	   data	    bss	    dec	    hex	filename
  33136	    484	   2484	  36104	   8d08	FINAL PROJ.elf
Finished building: default.size.stdout
 
Finished building: FINAL PROJ.bin
 
Finished building: FINAL PROJ.list
 
15:49:14 **** Clean-only build of configuration Debug for project final_project ****
make -j8 clean 
rm -rf *
 
15:49:15 **** Incremental Build of configuration Debug for project final_project ****
make -j8 all 
arm-none-eabi-gcc "../Drivers/STM32F7xx_HAL_Driver/Src/stm32f7xx_hal.c" -mcpu=cortex-m7 -std=gnu11 -g3 -DUSE_HAL_DRIVER -DSTM32F746xx -DDEBUG -c -I../Core/Inc -I../Drivers/STM32F7xx_HAL_Driver/Inc -I../Drivers/STM32F7xx_HAL_Driver/Inc/Legacy -I../Drivers/CMSIS/Device/ST/STM32F7xx/Include -I../Drivers/CMSIS/Include -I../Middlewares/Third_Party/ARM_CMSIS/CMSIS/Core/Include/ -I../Middlewares/Third_Party/ARM_CMSIS/CMSIS/Core_A/Include/ -I../Middlewares/Third_Party/ARM_CMSIS/CMSIS/DSP/Include -O0 -ffunction-sections -fdata-sections -Wall -fstack-usage -MMD -MP -MF"Drivers/STM32F7xx_HAL_Driver/Src/stm32f7xx_hal.d" -MT"Drivers/STM32F7xx_HAL_Driver/Src/stm32f7xx_hal.o" --specs=nano.specs -mfpu=fpv5-sp-d16 -mfloat-abi=hard -mthumb -o "Drivers/STM32F7xx_HAL_Driver/Src/stm32f7xx_hal.o"
arm-none-eabi-gcc "../Drivers/STM32F7xx_HAL_Driver/Src/stm32f7xx_hal_cortex.c" -mcpu=cortex-m7 -std=gnu11 -g3 -DUSE_HAL_DRIVER -DSTM32F746xx -DDEBUG -c -I../Core/Inc -I../Drivers/STM32F7xx_HAL_Driver/Inc -I../Drivers/STM32F7xx_HAL_Driver/Inc/Legacy -I../Drivers/CMSIS/Device/ST/STM32F7xx/Include -I../Drivers/CMSIS/Include -I../Middlewares/Third_Party/ARM_CMSIS/CMSIS/Core/Include/ -I../Middlewares/Third_Party/ARM_CMSIS/CMSIS/Core_A/Include/ -I../Middlewares/Third_Party/ARM_CMSIS/CMSIS/DSP/Include -O0 -ffunction-sections -fdata-sections -Wall -fstack-usage -MMD -MP -MF"Drivers/STM32F7xx_HAL_Driver/Src/stm32f7xx_hal_cortex.d" -MT"Drivers/STM32F7xx_HAL_Driver/Src/stm32f7xx_hal_cortex.o" --specs=nano.specs -mfpu=fpv5-sp-d16 -mfloat-abi=hard -mthumb -o "Drivers/STM32F7xx_HAL_Driver/Src/stm32f7xx_hal_cortex.o"
arm-none-eabi-gcc "../Drivers/STM32F7xx_HAL_Driver/Src/stm32f7xx_hal_dma.c" -mcpu=cortex-m7 -std=gnu11 -g3 -DUSE_HAL_DRIVER -DSTM32F746xx -DDEBUG -c -I../Core/Inc -I../Drivers/STM32F7xx_HAL_Driver/Inc -I../Drivers/STM32F7xx_HAL_Driver/Inc/Legacy -I../Drivers/CMSIS/Device/ST/STM32F7xx/Include -I../Drivers/CMSIS/Include -I../Middlewares/Third_Party/ARM_CMSIS/CMSIS/Core/Include/ -I../Middlewares/Third_Party/ARM_CMSIS/CMSIS/Core_A/Include/ -I../Middlewares/Third_Party/ARM_CMSIS/CMSIS/DSP/Include -O0 -ffunction-sections -fdata-sections -Wall -fstack-usage -MMD -MP -MF"Drivers/STM32F7xx_HAL_Driver/Src/stm32f7xx_hal_dma.d" -MT"Drivers/STM32F7xx_HAL_Driver/Src/stm32f7xx_hal_dma.o" --specs=nano.specs -mfpu=fpv5-sp-d16 -mfloat-abi=hard -mthumb -o "Drivers/STM32F7xx_HAL_Driver/Src/stm32f7xx_hal_dma.o"
arm-none-eabi-gcc "../Drivers/STM32F7xx_HAL_Driver/Src/stm32f7xx_hal_dma_ex.c" -mcpu=cortex-m7 -std=gnu11 -g3 -DUSE_HAL_DRIVER -DSTM32F746xx -DDEBUG -c -I../Core/Inc -I../Drivers/STM32F7xx_HAL_Driver/Inc -I../Drivers/STM32F7xx_HAL_Driver/Inc/Legacy -I../Drivers/CMSIS/Device/ST/STM32F7xx/Include -I../Drivers/CMSIS/Include -I../Middlewares/Third_Party/ARM_CMSIS/CMSIS/Core/Include/ -I../Middlewares/Third_Party/ARM_CMSIS/CMSIS/Core_A/Include/ -I../Middlewares/Third_Party/ARM_CMSIS/CMSIS/DSP/Include -O0 -ffunction-sections -fdata-sections -Wall -fstack-usage -MMD -MP -MF"Drivers/STM32F7xx_HAL_Driver/Src/stm32f7xx_hal_dma_ex.d" -MT"Drivers/STM32F7xx_HAL_Driver/Src/stm32f7xx_hal_dma_ex.o" --specs=nano.specs -mfpu=fpv5-sp-d16 -mfloat-abi=hard -mthumb -o "Drivers/STM32F7xx_HAL_Driver/Src/stm32f7xx_hal_dma_ex.o"
arm-none-eabi-gcc "../Drivers/STM32F7xx_HAL_Driver/Src/stm32f7xx_hal_exti.c" -mcpu=cortex-m7 -std=gnu11 -g3 -DUSE_HAL_DRIVER -DSTM32F746xx -DDEBUG -c -I../Core/Inc -I../Drivers/STM32F7xx_HAL_Driver/Inc -I../Drivers/STM32F7xx_HAL_Driver/Inc/Legacy -I../Drivers/CMSIS/Device/ST/STM32F7xx/Include -I../Drivers/CMSIS/Include -I../Middlewares/Third_Party/ARM_CMSIS/CMSIS/Core/Include/ -I../Middlewares/Third_Party/ARM_CMSIS/CMSIS/Core_A/Include/ -I../Middlewares/Third_Party/ARM_CMSIS/CMSIS/DSP/Include -O0 -ffunction-sections -fdata-sections -Wall -fstack-usage -MMD -MP -MF"Drivers/STM32F7xx_HAL_Driver/Src/stm32f7xx_hal_exti.d" -MT"Drivers/STM32F7xx_HAL_Driver/Src/stm32f7xx_hal_exti.o" --specs=nano.specs -mfpu=fpv5-sp-d16 -mfloat-abi=hard -mthumb -o "Drivers/STM32F7xx_HAL_Driver/Src/stm32f7xx_hal_exti.o"
arm-none-eabi-gcc "../Drivers/STM32F7xx_HAL_Driver/Src/stm32f7xx_hal_flash.c" -mcpu=cortex-m7 -std=gnu11 -g3 -DUSE_HAL_DRIVER -DSTM32F746xx -DDEBUG -c -I../Core/Inc -I../Drivers/STM32F7xx_HAL_Driver/Inc -I../Drivers/STM32F7xx_HAL_Driver/Inc/Legacy -I../Drivers/CMSIS/Device/ST/STM32F7xx/Include -I../Drivers/CMSIS/Include -I../Middlewares/Third_Party/ARM_CMSIS/CMSIS/Core/Include/ -I../Middlewares/Third_Party/ARM_CMSIS/CMSIS/Core_A/Include/ -I../Middlewares/Third_Party/ARM_CMSIS/CMSIS/DSP/Include -O0 -ffunction-sections -fdata-sections -Wall -fstack-usage -MMD -MP -MF"Drivers/STM32F7xx_HAL_Driver/Src/stm32f7xx_hal_flash.d" -MT"Drivers/STM32F7xx_HAL_Driver/Src/stm32f7xx_hal_flash.o" --specs=nano.specs -mfpu=fpv5-sp-d16 -mfloat-abi=hard -mthumb -o "Drivers/STM32F7xx_HAL_Driver/Src/stm32f7xx_hal_flash.o"
arm-none-eabi-gcc "../Drivers/STM32F7xx_HAL_Driver/Src/stm32f7xx_hal_flash_ex.c" -mcpu=cortex-m7 -std=gnu11 -g3 -DUSE_HAL_DRIVER -DSTM32F746xx -DDEBUG -c -I../Core/Inc -I../Drivers/STM32F7xx_HAL_Driver/Inc -I../Drivers/STM32F7xx_HAL_Driver/Inc/Legacy -I../Drivers/CMSIS/Device/ST/STM32F7xx/Include -I../Drivers/CMSIS/Include -I../Middlewares/Third_Party/ARM_CMSIS/CMSIS/Core/Include/ -I../Middlewares/Third_Party/ARM_CMSIS/CMSIS/Core_A/Include/ -I../Middlewares/Third_Party/ARM_CMSIS/CMSIS/DSP/Include -O0 -ffunction-sections -fdata-sections -Wall -fstack-usage -MMD -MP -MF"Drivers/STM32F7xx_HAL_Driver/Src/stm32f7xx_hal_flash_ex.d" -MT"Drivers/STM32F7xx_HAL_Driver/Src/stm32f7xx_hal_flash_ex.o" --specs=nano.specs -mfpu=fpv5-sp-d16 -mfloat-abi=hard -mthumb -o "Drivers/STM32F7xx_HAL_Driver/Src/stm32f7xx_hal_flash_ex.o"
arm-none-eabi-gcc "../Drivers/STM32F7xx_HAL_Driver/Src/stm32f7xx_hal_gpio.c" -mcpu=cortex-m7 -std=gnu11 -g3 -DUSE_HAL_DRIVER -DSTM32F746xx -DDEBUG -c -I../Core/Inc -I../Drivers/STM32F7xx_HAL_Driver/Inc -I../Drivers/STM32F7xx_HAL_Driver/Inc/Legacy -I../Drivers/CMSIS/Device/ST/STM32F7xx/Include -I../Drivers/CMSIS/Include -I../Middlewares/Third_Party/ARM_CMSIS/CMSIS/Core/Include/ -I../Middlewares/Third_Party/ARM_CMSIS/CMSIS/Core_A/Include/ -I../Middlewares/Third_Party/ARM_CMSIS/CMSIS/DSP/Include -O0 -ffunction-sections -fdata-sections -Wall -fstack-usage -MMD -MP -MF"Drivers/STM32F7xx_HAL_Driver/Src/stm32f7xx_hal_gpio.d" -MT"Drivers/STM32F7xx_HAL_Driver/Src/stm32f7xx_hal_gpio.o" --specs=nano.specs -mfpu=fpv5-sp-d16 -mfloat-abi=hard -mthumb -o "Drivers/STM32F7xx_HAL_Driver/Src/stm32f7xx_hal_gpio.o"
arm-none-eabi-gcc "../Drivers/STM32F7xx_HAL_Driver/Src/stm32f7xx_hal_i2c.c" -mcpu=cortex-m7 -std=gnu11 -g3 -DUSE_HAL_DRIVER -DSTM32F746xx -DDEBUG -c -I../Core/Inc -I../Drivers/STM32F7xx_HAL_Driver/Inc -I../Drivers/STM32F7xx_HAL_Driver/Inc/Legacy -I../Drivers/CMSIS/Device/ST/STM32F7xx/Include -I../Drivers/CMSIS/Include -I../Middlewares/Third_Party/ARM_CMSIS/CMSIS/Core/Include/ -I../Middlewares/Third_Party/ARM_CMSIS/CMSIS/Core_A/Include/ -I../Middlewares/Third_Party/ARM_CMSIS/CMSIS/DSP/Include -O0 -ffunction-sections -fdata-sections -Wall -fstack-usage -MMD -MP -MF"Drivers/STM32F7xx_HAL_Driver/Src/stm32f7xx_hal_i2c.d" -MT"Drivers/STM32F7xx_HAL_Driver/Src/stm32f7xx_hal_i2c.o" --specs=nano.specs -mfpu=fpv5-sp-d16 -mfloat-abi=hard -mthumb -o "Drivers/STM32F7xx_HAL_Driver/Src/stm32f7xx_hal_i2c.o"
arm-none-eabi-gcc "../Drivers/STM32F7xx_HAL_Driver/Src/stm32f7xx_hal_i2c_ex.c" -mcpu=cortex-m7 -std=gnu11 -g3 -DUSE_HAL_DRIVER -DSTM32F746xx -DDEBUG -c -I../Core/Inc -I../Drivers/STM32F7xx_HAL_Driver/Inc -I../Drivers/STM32F7xx_HAL_Driver/Inc/Legacy -I../Drivers/CMSIS/Device/ST/STM32F7xx/Include -I../Drivers/CMSIS/Include -I../Middlewares/Third_Party/ARM_CMSIS/CMSIS/Core/Include/ -I../Middlewares/Third_Party/ARM_CMSIS/CMSIS/Core_A/Include/ -I../Middlewares/Third_Party/ARM_CMSIS/CMSIS/DSP/Include -O0 -ffunction-sections -fdata-sections -Wall -fstack-usage -MMD -MP -MF"Drivers/STM32F7xx_HAL_Driver/Src/stm32f7xx_hal_i2c_ex.d" -MT"Drivers/STM32F7xx_HAL_Driver/Src/stm32f7xx_hal_i2c_ex.o" --specs=nano.specs -mfpu=fpv5-sp-d16 -mfloat-abi=hard -mthumb -o "Drivers/STM32F7xx_HAL_Driver/Src/stm32f7xx_hal_i2c_ex.o"
arm-none-eabi-gcc "../Drivers/STM32F7xx_HAL_Driver/Src/stm32f7xx_hal_pwr.c" -mcpu=cortex-m7 -std=gnu11 -g3 -DUSE_HAL_DRIVER -DSTM32F746xx -DDEBUG -c -I../Core/Inc -I../Drivers/STM32F7xx_HAL_Driver/Inc -I../Drivers/STM32F7xx_HAL_Driver/Inc/Legacy -I../Drivers/CMSIS/Device/ST/STM32F7xx/Include -I../Drivers/CMSIS/Include -I../Middlewares/Third_Party/ARM_CMSIS/CMSIS/Core/Include/ -I../Middlewares/Third_Party/ARM_CMSIS/CMSIS/Core_A/Include/ -I../Middlewares/Third_Party/ARM_CMSIS/CMSIS/DSP/Include -O0 -ffunction-sections -fdata-sections -Wall -fstack-usage -MMD -MP -MF"Drivers/STM32F7xx_HAL_Driver/Src/stm32f7xx_hal_pwr.d" -MT"Drivers/STM32F7xx_HAL_Driver/Src/stm32f7xx_hal_pwr.o" --specs=nano.specs -mfpu=fpv5-sp-d16 -mfloat-abi=hard -mthumb -o "Drivers/STM32F7xx_HAL_Driver/Src/stm32f7xx_hal_pwr.o"
arm-none-eabi-gcc "../Drivers/STM32F7xx_HAL_Driver/Src/stm32f7xx_hal_pwr_ex.c" -mcpu=cortex-m7 -std=gnu11 -g3 -DUSE_HAL_DRIVER -DSTM32F746xx -DDEBUG -c -I../Core/Inc -I../Drivers/STM32F7xx_HAL_Driver/Inc -I../Drivers/STM32F7xx_HAL_Driver/Inc/Legacy -I../Drivers/CMSIS/Device/ST/STM32F7xx/Include -I../Drivers/CMSIS/Include -I../Middlewares/Third_Party/ARM_CMSIS/CMSIS/Core/Include/ -I../Middlewares/Third_Party/ARM_CMSIS/CMSIS/Core_A/Include/ -I../Middlewares/Third_Party/ARM_CMSIS/CMSIS/DSP/Include -O0 -ffunction-sections -fdata-sections -Wall -fstack-usage -MMD -MP -MF"Drivers/STM32F7xx_HAL_Driver/Src/stm32f7xx_hal_pwr_ex.d" -MT"Drivers/STM32F7xx_HAL_Driver/Src/stm32f7xx_hal_pwr_ex.o" --specs=nano.specs -mfpu=fpv5-sp-d16 -mfloat-abi=hard -mthumb -o "Drivers/STM32F7xx_HAL_Driver/Src/stm32f7xx_hal_pwr_ex.o"
arm-none-eabi-gcc "../Drivers/STM32F7xx_HAL_Driver/Src/stm32f7xx_hal_rcc.c" -mcpu=cortex-m7 -std=gnu11 -g3 -DUSE_HAL_DRIVER -DSTM32F746xx -DDEBUG -c -I../Core/Inc -I../Drivers/STM32F7xx_HAL_Driver/Inc -I../Drivers/STM32F7xx_HAL_Driver/Inc/Legacy -I../Drivers/CMSIS/Device/ST/STM32F7xx/Include -I../Drivers/CMSIS/Include -I../Middlewares/Third_Party/ARM_CMSIS/CMSIS/Core/Include/ -I../Middlewares/Third_Party/ARM_CMSIS/CMSIS/Core_A/Include/ -I../Middlewares/Third_Party/ARM_CMSIS/CMSIS/DSP/Include -O0 -ffunction-sections -fdata-sections -Wall -fstack-usage -MMD -MP -MF"Drivers/STM32F7xx_HAL_Driver/Src/stm32f7xx_hal_rcc.d" -MT"Drivers/STM32F7xx_HAL_Driver/Src/stm32f7xx_hal_rcc.o" --specs=nano.specs -mfpu=fpv5-sp-d16 -mfloat-abi=hard -mthumb -o "Drivers/STM32F7xx_HAL_Driver/Src/stm32f7xx_hal_rcc.o"
arm-none-eabi-gcc "../Drivers/STM32F7xx_HAL_Driver/Src/stm32f7xx_hal_rcc_ex.c" -mcpu=cortex-m7 -std=gnu11 -g3 -DUSE_HAL_DRIVER -DSTM32F746xx -DDEBUG -c -I../Core/Inc -I../Drivers/STM32F7xx_HAL_Driver/Inc -I../Drivers/STM32F7xx_HAL_Driver/Inc/Legacy -I../Drivers/CMSIS/Device/ST/STM32F7xx/Include -I../Drivers/CMSIS/Include -I../Middlewares/Third_Party/ARM_CMSIS/CMSIS/Core/Include/ -I../Middlewares/Third_Party/ARM_CMSIS/CMSIS/Core_A/Include/ -I../Middlewares/Third_Party/ARM_CMSIS/CMSIS/DSP/Include -O0 -ffunction-sections -fdata-sections -Wall -fstack-usage -MMD -MP -MF"Drivers/STM32F7xx_HAL_Driver/Src/stm32f7xx_hal_rcc_ex.d" -MT"Drivers/STM32F7xx_HAL_Driver/Src/stm32f7xx_hal_rcc_ex.o" --specs=nano.specs -mfpu=fpv5-sp-d16 -mfloat-abi=hard -mthumb -o "Drivers/STM32F7xx_HAL_Driver/Src/stm32f7xx_hal_rcc_ex.o"
arm-none-eabi-gcc "../Drivers/STM32F7xx_HAL_Driver/Src/stm32f7xx_hal_tim.c" -mcpu=cortex-m7 -std=gnu11 -g3 -DUSE_HAL_DRIVER -DSTM32F746xx -DDEBUG -c -I../Core/Inc -I../Drivers/STM32F7xx_HAL_Driver/Inc -I../Drivers/STM32F7xx_HAL_Driver/Inc/Legacy -I../Drivers/CMSIS/Device/ST/STM32F7xx/Include -I../Drivers/CMSIS/Include -I../Middlewares/Third_Party/ARM_CMSIS/CMSIS/Core/Include/ -I../Middlewares/Third_Party/ARM_CMSIS/CMSIS/Core_A/Include/ -I../Middlewares/Third_Party/ARM_CMSIS/CMSIS/DSP/Include -O0 -ffunction-sections -fdata-sections -Wall -fstack-usage -MMD -MP -MF"Drivers/STM32F7xx_HAL_Driver/Src/stm32f7xx_hal_tim.d" -MT"Drivers/STM32F7xx_HAL_Driver/Src/stm32f7xx_hal_tim.o" --specs=nano.specs -mfpu=fpv5-sp-d16 -mfloat-abi=hard -mthumb -o "Drivers/STM32F7xx_HAL_Driver/Src/stm32f7xx_hal_tim.o"
arm-none-eabi-gcc "../Drivers/STM32F7xx_HAL_Driver/Src/stm32f7xx_hal_tim_ex.c" -mcpu=cortex-m7 -std=gnu11 -g3 -DUSE_HAL_DRIVER -DSTM32F746xx -DDEBUG -c -I../Core/Inc -I../Drivers/STM32F7xx_HAL_Driver/Inc -I../Drivers/STM32F7xx_HAL_Driver/Inc/Legacy -I../Drivers/CMSIS/Device/ST/STM32F7xx/Include -I../Drivers/CMSIS/Include -I../Middlewares/Third_Party/ARM_CMSIS/CMSIS/Core/Include/ -I../Middlewares/Third_Party/ARM_CMSIS/CMSIS/Core_A/Include/ -I../Middlewares/Third_Party/ARM_CMSIS/CMSIS/DSP/Include -O0 -ffunction-sections -fdata-sections -Wall -fstack-usage -MMD -MP -MF"Drivers/STM32F7xx_HAL_Driver/Src/stm32f7xx_hal_tim_ex.d" -MT"Drivers/STM32F7xx_HAL_Driver/Src/stm32f7xx_hal_tim_ex.o" --specs=nano.specs -mfpu=fpv5-sp-d16 -mfloat-abi=hard -mthumb -o "Drivers/STM32F7xx_HAL_Driver/Src/stm32f7xx_hal_tim_ex.o"
arm-none-eabi-gcc "../Drivers/STM32F7xx_HAL_Driver/Src/stm32f7xx_hal_uart.c" -mcpu=cortex-m7 -std=gnu11 -g3 -DUSE_HAL_DRIVER -DSTM32F746xx -DDEBUG -c -I../Core/Inc -I../Drivers/STM32F7xx_HAL_Driver/Inc -I../Drivers/STM32F7xx_HAL_Driver/Inc/Legacy -I../Drivers/CMSIS/Device/ST/STM32F7xx/Include -I../Drivers/CMSIS/Include -I../Middlewares/Third_Party/ARM_CMSIS/CMSIS/Core/Include/ -I../Middlewares/Third_Party/ARM_CMSIS/CMSIS/Core_A/Include/ -I../Middlewares/Third_Party/ARM_CMSIS/CMSIS/DSP/Include -O0 -ffunction-sections -fdata-sections -Wall -fstack-usage -MMD -MP -MF"Drivers/STM32F7xx_HAL_Driver/Src/stm32f7xx_hal_uart.d" -MT"Drivers/STM32F7xx_HAL_Driver/Src/stm32f7xx_hal_uart.o" --specs=nano.specs -mfpu=fpv5-sp-d16 -mfloat-abi=hard -mthumb -o "Drivers/STM32F7xx_HAL_Driver/Src/stm32f7xx_hal_uart.o"
arm-none-eabi-gcc "../Drivers/STM32F7xx_HAL_Driver/Src/stm32f7xx_hal_uart_ex.c" -mcpu=cortex-m7 -std=gnu11 -g3 -DUSE_HAL_DRIVER -DSTM32F746xx -DDEBUG -c -I../Core/Inc -I../Drivers/STM32F7xx_HAL_Driver/Inc -I../Drivers/STM32F7xx_HAL_Driver/Inc/Legacy -I../Drivers/CMSIS/Device/ST/STM32F7xx/Include -I../Drivers/CMSIS/Include -I../Middlewares/Third_Party/ARM_CMSIS/CMSIS/Core/Include/ -I../Middlewares/Third_Party/ARM_CMSIS/CMSIS/Core_A/Include/ -I../Middlewares/Third_Party/ARM_CMSIS/CMSIS/DSP/Include -O0 -ffunction-sections -fdata-sections -Wall -fstack-usage -MMD -MP -MF"Drivers/STM32F7xx_HAL_Driver/Src/stm32f7xx_hal_uart_ex.d" -MT"Drivers/STM32F7xx_HAL_Driver/Src/stm32f7xx_hal_uart_ex.o" --specs=nano.specs -mfpu=fpv5-sp-d16 -mfloat-abi=hard -mthumb -o "Drivers/STM32F7xx_HAL_Driver/Src/stm32f7xx_hal_uart_ex.o"
arm-none-eabi-gcc -mcpu=cortex-m7 -g3 -c -x assembler-with-cpp -MMD -MP -MF"Core/Startup/startup_stm32f746zgtx.d" -MT"Core/Startup/startup_stm32f746zgtx.o" --specs=nano.specs -mfpu=fpv5-sp-d16 -mfloat-abi=hard -mthumb -o "Core/Startup/startup_stm32f746zgtx.o" "../Core/Startup/startup_stm32f746zgtx.s"
arm-none-eabi-gcc "../Core/Src/gpio.c" -mcpu=cortex-m7 -std=gnu11 -g3 -DUSE_HAL_DRIVER -DSTM32F746xx -DDEBUG -c -I../Core/Inc -I../Drivers/STM32F7xx_HAL_Driver/Inc -I../Drivers/STM32F7xx_HAL_Driver/Inc/Legacy -I../Drivers/CMSIS/Device/ST/STM32F7xx/Include -I../Drivers/CMSIS/Include -I../Middlewares/Third_Party/ARM_CMSIS/CMSIS/Core/Include/ -I../Middlewares/Third_Party/ARM_CMSIS/CMSIS/Core_A/Include/ -I../Middlewares/Third_Party/ARM_CMSIS/CMSIS/DSP/Include -O0 -ffunction-sections -fdata-sections -Wall -fstack-usage -MMD -MP -MF"Core/Src/gpio.d" -MT"Core/Src/gpio.o" --specs=nano.specs -mfpu=fpv5-sp-d16 -mfloat-abi=hard -mthumb -o "Core/Src/gpio.o"
arm-none-eabi-gcc "../Core/Src/main.c" -mcpu=cortex-m7 -std=gnu11 -g3 -DUSE_HAL_DRIVER -DSTM32F746xx -DDEBUG -c -I../Core/Inc -I../Drivers/STM32F7xx_HAL_Driver/Inc -I../Drivers/STM32F7xx_HAL_Driver/Inc/Legacy -I../Drivers/CMSIS/Device/ST/STM32F7xx/Include -I../Drivers/CMSIS/Include -I../Middlewares/Third_Party/ARM_CMSIS/CMSIS/Core/Include/ -I../Middlewares/Third_Party/ARM_CMSIS/CMSIS/Core_A/Include/ -I../Middlewares/Third_Party/ARM_CMSIS/CMSIS/DSP/Include -O0 -ffunction-sections -fdata-sections -Wall -fstack-usage -MMD -MP -MF"Core/Src/main.d" -MT"Core/Src/main.o" --specs=nano.specs -mfpu=fpv5-sp-d16 -mfloat-abi=hard -mthumb -o "Core/Src/main.o"
arm-none-eabi-gcc "../Core/Src/stm32f7xx_hal_msp.c" -mcpu=cortex-m7 -std=gnu11 -g3 -DUSE_HAL_DRIVER -DSTM32F746xx -DDEBUG -c -I../Core/Inc -I../Drivers/STM32F7xx_HAL_Driver/Inc -I../Drivers/STM32F7xx_HAL_Driver/Inc/Legacy -I../Drivers/CMSIS/Device/ST/STM32F7xx/Include -I../Drivers/CMSIS/Include -I../Middlewares/Third_Party/ARM_CMSIS/CMSIS/Core/Include/ -I../Middlewares/Third_Party/ARM_CMSIS/CMSIS/Core_A/Include/ -I../Middlewares/Third_Party/ARM_CMSIS/CMSIS/DSP/Include -O0 -ffunction-sections -fdata-sections -Wall -fstack-usage -MMD -MP -MF"Core/Src/stm32f7xx_hal_msp.d" -MT"Core/Src/stm32f7xx_hal_msp.o" --specs=nano.specs -mfpu=fpv5-sp-d16 -mfloat-abi=hard -mthumb -o "Core/Src/stm32f7xx_hal_msp.o"
arm-none-eabi-gcc "../Core/Src/stm32f7xx_it.c" -mcpu=cortex-m7 -std=gnu11 -g3 -DUSE_HAL_DRIVER -DSTM32F746xx -DDEBUG -c -I../Core/Inc -I../Drivers/STM32F7xx_HAL_Driver/Inc -I../Drivers/STM32F7xx_HAL_Driver/Inc/Legacy -I../Drivers/CMSIS/Device/ST/STM32F7xx/Include -I../Drivers/CMSIS/Include -I../Middlewares/Third_Party/ARM_CMSIS/CMSIS/Core/Include/ -I../Middlewares/Third_Party/ARM_CMSIS/CMSIS/Core_A/Include/ -I../Middlewares/Third_Party/ARM_CMSIS/CMSIS/DSP/Include -O0 -ffunction-sections -fdata-sections -Wall -fstack-usage -MMD -MP -MF"Core/Src/stm32f7xx_it.d" -MT"Core/Src/stm32f7xx_it.o" --specs=nano.specs -mfpu=fpv5-sp-d16 -mfloat-abi=hard -mthumb -o "Core/Src/stm32f7xx_it.o"
../Core/Src/main.c:28:10: fatal error: measurement.h: No such file or directory
 #include "measurement.h"
          ^~~~~~~~~~~~~~~
compilation terminated.
make: *** [Core/Src/subdir.mk:44: Core/Src/main.o] Error 1
make: *** Waiting for unfinished jobs....
"make -j8 all" terminated with exit code 2. Build might be incomplete.
15:49:38 **** Incremental Build of configuration Debug for project FINAL PROJ ****
make -j8 all 
arm-none-eabi-size   FINAL\ PROJ.elf 
   text	   data	    bss	    dec	    hex	filename
  33136	    484	   2484	  36104	   8d08	FINAL PROJ.elf
Finished building: default.size.stdout
 
15:49:55 **** Incremental Build of configuration Debug for project FINAL PROJ ****
make -j8 all 
arm-none-eabi-size   FINAL\ PROJ.elf 
   text	   data	    bss	    dec	    hex	filename
  33136	    484	   2484	  36104	   8d08	FINAL PROJ.elf
Finished building: default.size.stdout
 
16:16:38 **** Incremental Build of configuration Debug for project FINAL PROJ ****
make -j8 all 
arm-none-eabi-size   FINAL\ PROJ.elf 
   text	   data	    bss	    dec	    hex	filename
  33136	    484	   2484	  36104	   8d08	FINAL PROJ.elf
Finished building: default.size.stdout
 
16:16:38 **** Incremental Build of configuration Debug for project final_project ****
make -j8 all 
arm-none-eabi-gcc "../Drivers/STM32F7xx_HAL_Driver/Src/stm32f7xx_hal.c" -mcpu=cortex-m7 -std=gnu11 -g3 -DUSE_HAL_DRIVER -DSTM32F746xx -DDEBUG -c -I../Core/Inc -I../Drivers/STM32F7xx_HAL_Driver/Inc -I../Drivers/STM32F7xx_HAL_Driver/Inc/Legacy -I../Drivers/CMSIS/Device/ST/STM32F7xx/Include -I../Drivers/CMSIS/Include -I../Middlewares/Third_Party/ARM_CMSIS/CMSIS/Core/Include/ -I../Middlewares/Third_Party/ARM_CMSIS/CMSIS/Core_A/Include/ -I../Middlewares/Third_Party/ARM_CMSIS/CMSIS/DSP/Include -O0 -ffunction-sections -fdata-sections -Wall -fstack-usage -MMD -MP -MF"Drivers/STM32F7xx_HAL_Driver/Src/stm32f7xx_hal.d" -MT"Drivers/STM32F7xx_HAL_Driver/Src/stm32f7xx_hal.o" --specs=nano.specs -mfpu=fpv5-sp-d16 -mfloat-abi=hard -mthumb -o "Drivers/STM32F7xx_HAL_Driver/Src/stm32f7xx_hal.o"
arm-none-eabi-gcc "../Drivers/STM32F7xx_HAL_Driver/Src/stm32f7xx_hal_cortex.c" -mcpu=cortex-m7 -std=gnu11 -g3 -DUSE_HAL_DRIVER -DSTM32F746xx -DDEBUG -c -I../Core/Inc -I../Drivers/STM32F7xx_HAL_Driver/Inc -I../Drivers/STM32F7xx_HAL_Driver/Inc/Legacy -I../Drivers/CMSIS/Device/ST/STM32F7xx/Include -I../Drivers/CMSIS/Include -I../Middlewares/Third_Party/ARM_CMSIS/CMSIS/Core/Include/ -I../Middlewares/Third_Party/ARM_CMSIS/CMSIS/Core_A/Include/ -I../Middlewares/Third_Party/ARM_CMSIS/CMSIS/DSP/Include -O0 -ffunction-sections -fdata-sections -Wall -fstack-usage -MMD -MP -MF"Drivers/STM32F7xx_HAL_Driver/Src/stm32f7xx_hal_cortex.d" -MT"Drivers/STM32F7xx_HAL_Driver/Src/stm32f7xx_hal_cortex.o" --specs=nano.specs -mfpu=fpv5-sp-d16 -mfloat-abi=hard -mthumb -o "Drivers/STM32F7xx_HAL_Driver/Src/stm32f7xx_hal_cortex.o"
arm-none-eabi-gcc "../Drivers/STM32F7xx_HAL_Driver/Src/stm32f7xx_hal_dma.c" -mcpu=cortex-m7 -std=gnu11 -g3 -DUSE_HAL_DRIVER -DSTM32F746xx -DDEBUG -c -I../Core/Inc -I../Drivers/STM32F7xx_HAL_Driver/Inc -I../Drivers/STM32F7xx_HAL_Driver/Inc/Legacy -I../Drivers/CMSIS/Device/ST/STM32F7xx/Include -I../Drivers/CMSIS/Include -I../Middlewares/Third_Party/ARM_CMSIS/CMSIS/Core/Include/ -I../Middlewares/Third_Party/ARM_CMSIS/CMSIS/Core_A/Include/ -I../Middlewares/Third_Party/ARM_CMSIS/CMSIS/DSP/Include -O0 -ffunction-sections -fdata-sections -Wall -fstack-usage -MMD -MP -MF"Drivers/STM32F7xx_HAL_Driver/Src/stm32f7xx_hal_dma.d" -MT"Drivers/STM32F7xx_HAL_Driver/Src/stm32f7xx_hal_dma.o" --specs=nano.specs -mfpu=fpv5-sp-d16 -mfloat-abi=hard -mthumb -o "Drivers/STM32F7xx_HAL_Driver/Src/stm32f7xx_hal_dma.o"
arm-none-eabi-gcc "../Drivers/STM32F7xx_HAL_Driver/Src/stm32f7xx_hal_dma_ex.c" -mcpu=cortex-m7 -std=gnu11 -g3 -DUSE_HAL_DRIVER -DSTM32F746xx -DDEBUG -c -I../Core/Inc -I../Drivers/STM32F7xx_HAL_Driver/Inc -I../Drivers/STM32F7xx_HAL_Driver/Inc/Legacy -I../Drivers/CMSIS/Device/ST/STM32F7xx/Include -I../Drivers/CMSIS/Include -I../Middlewares/Third_Party/ARM_CMSIS/CMSIS/Core/Include/ -I../Middlewares/Third_Party/ARM_CMSIS/CMSIS/Core_A/Include/ -I../Middlewares/Third_Party/ARM_CMSIS/CMSIS/DSP/Include -O0 -ffunction-sections -fdata-sections -Wall -fstack-usage -MMD -MP -MF"Drivers/STM32F7xx_HAL_Driver/Src/stm32f7xx_hal_dma_ex.d" -MT"Drivers/STM32F7xx_HAL_Driver/Src/stm32f7xx_hal_dma_ex.o" --specs=nano.specs -mfpu=fpv5-sp-d16 -mfloat-abi=hard -mthumb -o "Drivers/STM32F7xx_HAL_Driver/Src/stm32f7xx_hal_dma_ex.o"
arm-none-eabi-gcc "../Drivers/STM32F7xx_HAL_Driver/Src/stm32f7xx_hal_exti.c" -mcpu=cortex-m7 -std=gnu11 -g3 -DUSE_HAL_DRIVER -DSTM32F746xx -DDEBUG -c -I../Core/Inc -I../Drivers/STM32F7xx_HAL_Driver/Inc -I../Drivers/STM32F7xx_HAL_Driver/Inc/Legacy -I../Drivers/CMSIS/Device/ST/STM32F7xx/Include -I../Drivers/CMSIS/Include -I../Middlewares/Third_Party/ARM_CMSIS/CMSIS/Core/Include/ -I../Middlewares/Third_Party/ARM_CMSIS/CMSIS/Core_A/Include/ -I../Middlewares/Third_Party/ARM_CMSIS/CMSIS/DSP/Include -O0 -ffunction-sections -fdata-sections -Wall -fstack-usage -MMD -MP -MF"Drivers/STM32F7xx_HAL_Driver/Src/stm32f7xx_hal_exti.d" -MT"Drivers/STM32F7xx_HAL_Driver/Src/stm32f7xx_hal_exti.o" --specs=nano.specs -mfpu=fpv5-sp-d16 -mfloat-abi=hard -mthumb -o "Drivers/STM32F7xx_HAL_Driver/Src/stm32f7xx_hal_exti.o"
arm-none-eabi-gcc "../Drivers/STM32F7xx_HAL_Driver/Src/stm32f7xx_hal_flash.c" -mcpu=cortex-m7 -std=gnu11 -g3 -DUSE_HAL_DRIVER -DSTM32F746xx -DDEBUG -c -I../Core/Inc -I../Drivers/STM32F7xx_HAL_Driver/Inc -I../Drivers/STM32F7xx_HAL_Driver/Inc/Legacy -I../Drivers/CMSIS/Device/ST/STM32F7xx/Include -I../Drivers/CMSIS/Include -I../Middlewares/Third_Party/ARM_CMSIS/CMSIS/Core/Include/ -I../Middlewares/Third_Party/ARM_CMSIS/CMSIS/Core_A/Include/ -I../Middlewares/Third_Party/ARM_CMSIS/CMSIS/DSP/Include -O0 -ffunction-sections -fdata-sections -Wall -fstack-usage -MMD -MP -MF"Drivers/STM32F7xx_HAL_Driver/Src/stm32f7xx_hal_flash.d" -MT"Drivers/STM32F7xx_HAL_Driver/Src/stm32f7xx_hal_flash.o" --specs=nano.specs -mfpu=fpv5-sp-d16 -mfloat-abi=hard -mthumb -o "Drivers/STM32F7xx_HAL_Driver/Src/stm32f7xx_hal_flash.o"
arm-none-eabi-gcc "../Drivers/STM32F7xx_HAL_Driver/Src/stm32f7xx_hal_flash_ex.c" -mcpu=cortex-m7 -std=gnu11 -g3 -DUSE_HAL_DRIVER -DSTM32F746xx -DDEBUG -c -I../Core/Inc -I../Drivers/STM32F7xx_HAL_Driver/Inc -I../Drivers/STM32F7xx_HAL_Driver/Inc/Legacy -I../Drivers/CMSIS/Device/ST/STM32F7xx/Include -I../Drivers/CMSIS/Include -I../Middlewares/Third_Party/ARM_CMSIS/CMSIS/Core/Include/ -I../Middlewares/Third_Party/ARM_CMSIS/CMSIS/Core_A/Include/ -I../Middlewares/Third_Party/ARM_CMSIS/CMSIS/DSP/Include -O0 -ffunction-sections -fdata-sections -Wall -fstack-usage -MMD -MP -MF"Drivers/STM32F7xx_HAL_Driver/Src/stm32f7xx_hal_flash_ex.d" -MT"Drivers/STM32F7xx_HAL_Driver/Src/stm32f7xx_hal_flash_ex.o" --specs=nano.specs -mfpu=fpv5-sp-d16 -mfloat-abi=hard -mthumb -o "Drivers/STM32F7xx_HAL_Driver/Src/stm32f7xx_hal_flash_ex.o"
arm-none-eabi-gcc "../Drivers/STM32F7xx_HAL_Driver/Src/stm32f7xx_hal_gpio.c" -mcpu=cortex-m7 -std=gnu11 -g3 -DUSE_HAL_DRIVER -DSTM32F746xx -DDEBUG -c -I../Core/Inc -I../Drivers/STM32F7xx_HAL_Driver/Inc -I../Drivers/STM32F7xx_HAL_Driver/Inc/Legacy -I../Drivers/CMSIS/Device/ST/STM32F7xx/Include -I../Drivers/CMSIS/Include -I../Middlewares/Third_Party/ARM_CMSIS/CMSIS/Core/Include/ -I../Middlewares/Third_Party/ARM_CMSIS/CMSIS/Core_A/Include/ -I../Middlewares/Third_Party/ARM_CMSIS/CMSIS/DSP/Include -O0 -ffunction-sections -fdata-sections -Wall -fstack-usage -MMD -MP -MF"Drivers/STM32F7xx_HAL_Driver/Src/stm32f7xx_hal_gpio.d" -MT"Drivers/STM32F7xx_HAL_Driver/Src/stm32f7xx_hal_gpio.o" --specs=nano.specs -mfpu=fpv5-sp-d16 -mfloat-abi=hard -mthumb -o "Drivers/STM32F7xx_HAL_Driver/Src/stm32f7xx_hal_gpio.o"
arm-none-eabi-gcc "../Drivers/STM32F7xx_HAL_Driver/Src/stm32f7xx_hal_i2c.c" -mcpu=cortex-m7 -std=gnu11 -g3 -DUSE_HAL_DRIVER -DSTM32F746xx -DDEBUG -c -I../Core/Inc -I../Drivers/STM32F7xx_HAL_Driver/Inc -I../Drivers/STM32F7xx_HAL_Driver/Inc/Legacy -I../Drivers/CMSIS/Device/ST/STM32F7xx/Include -I../Drivers/CMSIS/Include -I../Middlewares/Third_Party/ARM_CMSIS/CMSIS/Core/Include/ -I../Middlewares/Third_Party/ARM_CMSIS/CMSIS/Core_A/Include/ -I../Middlewares/Third_Party/ARM_CMSIS/CMSIS/DSP/Include -O0 -ffunction-sections -fdata-sections -Wall -fstack-usage -MMD -MP -MF"Drivers/STM32F7xx_HAL_Driver/Src/stm32f7xx_hal_i2c.d" -MT"Drivers/STM32F7xx_HAL_Driver/Src/stm32f7xx_hal_i2c.o" --specs=nano.specs -mfpu=fpv5-sp-d16 -mfloat-abi=hard -mthumb -o "Drivers/STM32F7xx_HAL_Driver/Src/stm32f7xx_hal_i2c.o"
arm-none-eabi-gcc "../Drivers/STM32F7xx_HAL_Driver/Src/stm32f7xx_hal_i2c_ex.c" -mcpu=cortex-m7 -std=gnu11 -g3 -DUSE_HAL_DRIVER -DSTM32F746xx -DDEBUG -c -I../Core/Inc -I../Drivers/STM32F7xx_HAL_Driver/Inc -I../Drivers/STM32F7xx_HAL_Driver/Inc/Legacy -I../Drivers/CMSIS/Device/ST/STM32F7xx/Include -I../Drivers/CMSIS/Include -I../Middlewares/Third_Party/ARM_CMSIS/CMSIS/Core/Include/ -I../Middlewares/Third_Party/ARM_CMSIS/CMSIS/Core_A/Include/ -I../Middlewares/Third_Party/ARM_CMSIS/CMSIS/DSP/Include -O0 -ffunction-sections -fdata-sections -Wall -fstack-usage -MMD -MP -MF"Drivers/STM32F7xx_HAL_Driver/Src/stm32f7xx_hal_i2c_ex.d" -MT"Drivers/STM32F7xx_HAL_Driver/Src/stm32f7xx_hal_i2c_ex.o" --specs=nano.specs -mfpu=fpv5-sp-d16 -mfloat-abi=hard -mthumb -o "Drivers/STM32F7xx_HAL_Driver/Src/stm32f7xx_hal_i2c_ex.o"
arm-none-eabi-gcc "../Drivers/STM32F7xx_HAL_Driver/Src/stm32f7xx_hal_pwr.c" -mcpu=cortex-m7 -std=gnu11 -g3 -DUSE_HAL_DRIVER -DSTM32F746xx -DDEBUG -c -I../Core/Inc -I../Drivers/STM32F7xx_HAL_Driver/Inc -I../Drivers/STM32F7xx_HAL_Driver/Inc/Legacy -I../Drivers/CMSIS/Device/ST/STM32F7xx/Include -I../Drivers/CMSIS/Include -I../Middlewares/Third_Party/ARM_CMSIS/CMSIS/Core/Include/ -I../Middlewares/Third_Party/ARM_CMSIS/CMSIS/Core_A/Include/ -I../Middlewares/Third_Party/ARM_CMSIS/CMSIS/DSP/Include -O0 -ffunction-sections -fdata-sections -Wall -fstack-usage -MMD -MP -MF"Drivers/STM32F7xx_HAL_Driver/Src/stm32f7xx_hal_pwr.d" -MT"Drivers/STM32F7xx_HAL_Driver/Src/stm32f7xx_hal_pwr.o" --specs=nano.specs -mfpu=fpv5-sp-d16 -mfloat-abi=hard -mthumb -o "Drivers/STM32F7xx_HAL_Driver/Src/stm32f7xx_hal_pwr.o"
arm-none-eabi-gcc "../Drivers/STM32F7xx_HAL_Driver/Src/stm32f7xx_hal_pwr_ex.c" -mcpu=cortex-m7 -std=gnu11 -g3 -DUSE_HAL_DRIVER -DSTM32F746xx -DDEBUG -c -I../Core/Inc -I../Drivers/STM32F7xx_HAL_Driver/Inc -I../Drivers/STM32F7xx_HAL_Driver/Inc/Legacy -I../Drivers/CMSIS/Device/ST/STM32F7xx/Include -I../Drivers/CMSIS/Include -I../Middlewares/Third_Party/ARM_CMSIS/CMSIS/Core/Include/ -I../Middlewares/Third_Party/ARM_CMSIS/CMSIS/Core_A/Include/ -I../Middlewares/Third_Party/ARM_CMSIS/CMSIS/DSP/Include -O0 -ffunction-sections -fdata-sections -Wall -fstack-usage -MMD -MP -MF"Drivers/STM32F7xx_HAL_Driver/Src/stm32f7xx_hal_pwr_ex.d" -MT"Drivers/STM32F7xx_HAL_Driver/Src/stm32f7xx_hal_pwr_ex.o" --specs=nano.specs -mfpu=fpv5-sp-d16 -mfloat-abi=hard -mthumb -o "Drivers/STM32F7xx_HAL_Driver/Src/stm32f7xx_hal_pwr_ex.o"
[...]
arm-none-eabi-gcc "../Core/Src/stm32f7xx_hal_msp.c" -mcpu=cortex-m7 -std=gnu11 -g3 -DUSE_HAL_DRIVER -DSTM32F746xx -DDEBUG -c -I../Core/Inc -I../Drivers/STM32F7xx_HAL_Driver/Inc -I../Drivers/STM32F7xx_HAL_Driver/Inc/Legacy -I../Drivers/CMSIS/Device/ST/STM32F7xx/Include -I../Drivers/CMSIS/Include -I../Middlewares/Third_Party/ARM_CMSIS/CMSIS/Core/Include/ -I../Middlewares/Third_Party/ARM_CMSIS/CMSIS/Core_A/Include/ -I../Middlewares/Third_Party/ARM_CMSIS/CMSIS/DSP/Include -O0 -ffunction-sections -fdata-sections -Wall -fstack-usage -MMD -MP -MF"Core/Src/stm32f7xx_hal_msp.d" -MT"Core/Src/stm32f7xx_hal_msp.o" --specs=nano.specs -mfpu=fpv5-sp-d16 -mfloat-abi=hard -mthumb -o "Core/Src/stm32f7xx_hal_msp.o"
make: *** [Core/Src/subdir.mk:67: Core/Src/pid.o] Error 1
make: *** Waiting for unfinished jobs....
"make -j8 all" terminated with exit code 2. Build might be incomplete.
17:45:06 **** Incremental Build of configuration Debug for project final_project ****
make -j8 all 
arm-none-eabi-gcc "../Core/Src/pid.c" -mcpu=cortex-m7 -std=gnu11 -g3 -DUSE_HAL_DRIVER -DSTM32F746xx -DDEBUG -c -I../Core/Inc -I../Drivers/STM32F7xx_HAL_Driver/Inc -I../Drivers/STM32F7xx_HAL_Driver/Inc/Legacy -I../Drivers/CMSIS/Device/ST/STM32F7xx/Include -I../Drivers/CMSIS/Include -I../Middlewares/Third_Party/ARM_CMSIS/CMSIS/Core/Include/ -I../Middlewares/Third_Party/ARM_CMSIS/CMSIS/Core_A/Include/ -I../Middlewares/Third_Party/ARM_CMSIS/CMSIS/DSP/Include -O0 -ffunction-sections -fdata-sections -Wall -fstack-usage -MMD -MP -MF"Core/Src/pid.d" -MT"Core/Src/pid.o" --specs=nano.specs -mfpu=fpv5-sp-d16 -mfloat-abi=hard -mthumb -o "Core/Src/pid.o"
arm-none-eabi-gcc "../Core/Src/stm32f7xx_it.c" -mcpu=cortex-m7 -std=gnu11 -g3 -DUSE_HAL_DRIVER -DSTM32F746xx -DDEBUG -c -I../Core/Inc -I../Drivers/STM32F7xx_HAL_Driver/Inc -I../Drivers/STM32F7xx_HAL_Driver/Inc/Legacy -I../Drivers/CMSIS/Device/ST/STM32F7xx/Include -I../Drivers/CMSIS/Include -I../Middlewares/Third_Party/ARM_CMSIS/CMSIS/Core/Include/ -I../Middlewares/Third_Party/ARM_CMSIS/CMSIS/Core_A/Include/ -I../Middlewares/Third_Party/ARM_CMSIS/CMSIS/DSP/Include -O0 -ffunction-sections -fdata-sections -Wall -fstack-usage -MMD -MP -MF"Core/Src/stm32f7xx_it.d" -MT"Core/Src/stm32f7xx_it.o" --specs=nano.specs -mfpu=fpv5-sp-d16 -mfloat-abi=hard -mthumb -o "Core/Src/stm32f7xx_it.o"
arm-none-eabi-gcc "../Core/Src/syscalls.c" -mcpu=cortex-m7 -std=gnu11 -g3 -DUSE_HAL_DRIVER -DSTM32F746xx -DDEBUG -c -I../Core/Inc -I../Drivers/STM32F7xx_HAL_Driver/Inc -I../Drivers/STM32F7xx_HAL_Driver/Inc/Legacy -I../Drivers/CMSIS/Device/ST/STM32F7xx/Include -I../Drivers/CMSIS/Include -I../Middlewares/Third_Party/ARM_CMSIS/CMSIS/Core/Include/ -I../Middlewares/Third_Party/ARM_CMSIS/CMSIS/Core_A/Include/ -I../Middlewares/Third_Party/ARM_CMSIS/CMSIS/DSP/Include -O0 -ffunction-sections -fdata-sections -Wall -fstack-usage -MMD -MP -MF"Core/Src/syscalls.d" -MT"Core/Src/syscalls.o" --specs=nano.specs -mfpu=fpv5-sp-d16 -mfloat-abi=hard -mthumb -o "Core/Src/syscalls.o"
arm-none-eabi-gcc "../Core/Src/sysmem.c" -mcpu=cortex-m7 -std=gnu11 -g3 -DUSE_HAL_DRIVER -DSTM32F746xx -DDEBUG -c -I../Core/Inc -I../Drivers/STM32F7xx_HAL_Driver/Inc -I../Drivers/STM32F7xx_HAL_Driver/Inc/Legacy -I../Drivers/CMSIS/Device/ST/STM32F7xx/Include -I../Drivers/CMSIS/Include -I../Middlewares/Third_Party/ARM_CMSIS/CMSIS/Core/Include/ -I../Middlewares/Third_Party/ARM_CMSIS/CMSIS/Core_A/Include/ -I../Middlewares/Third_Party/ARM_CMSIS/CMSIS/DSP/Include -O0 -ffunction-sections -fdata-sections -Wall -fstack-usage -MMD -MP -MF"Core/Src/sysmem.d" -MT"Core/Src/sysmem.o" --specs=nano.specs -mfpu=fpv5-sp-d16 -mfloat-abi=hard -mthumb -o "Core/Src/sysmem.o"
arm-none-eabi-gcc "../Core/Src/system_stm32f7xx.c" -mcpu=cortex-m7 -std=gnu11 -g3 -DUSE_HAL_DRIVER -DSTM32F746xx -DDEBUG -c -I../Core/Inc -I../Drivers/STM32F7xx_HAL_Driver/Inc -I../Drivers/STM32F7xx_HAL_Driver/Inc/Legacy -I../Drivers/CMSIS/Device/ST/STM32F7xx/Include -I../Drivers/CMSIS/Include -I../Middlewares/Third_Party/ARM_CMSIS/CMSIS/Core/Include/ -I../Middlewares/Third_Party/ARM_CMSIS/CMSIS/Core_A/Include/ -I../Middlewares/Third_Party/ARM_CMSIS/CMSIS/DSP/Include -O0 -ffunction-sections -fdata-sections -Wall -fstack-usage -MMD -MP -MF"Core/Src/system_stm32f7xx.d" -MT"Core/Src/system_stm32f7xx.o" --specs=nano.specs -mfpu=fpv5-sp-d16 -mfloat-abi=hard -mthumb -o "Core/Src/system_stm32f7xx.o"
arm-none-eabi-gcc "../Core/Src/tim.c" -mcpu=cortex-m7 -std=gnu11 -g3 -DUSE_HAL_DRIVER -DSTM32F746xx -DDEBUG -c -I../Core/Inc -I../Drivers/STM32F7xx_HAL_Driver/Inc -I../Drivers/STM32F7xx_HAL_Driver/Inc/Legacy -I../Drivers/CMSIS/Device/ST/STM32F7xx/Include -I../Drivers/CMSIS/Include -I../Middlewares/Third_Party/ARM_CMSIS/CMSIS/Core/Include/ -I../Middlewares/Third_Party/ARM_CMSIS/CMSIS/Core_A/Include/ -I../Middlewares/Third_Party/ARM_CMSIS/CMSIS/DSP/Include -O0 -ffunction-sections -fdata-sections -Wall -fstack-usage -MMD -MP -MF"Core/Src/tim.d" -MT"Core/Src/tim.o" --specs=nano.specs -mfpu=fpv5-sp-d16 -mfloat-abi=hard -mthumb -o "Core/Src/tim.o"
arm-none-eabi-gcc "../Core/Src/usart.c" -mcpu=cortex-m7 -std=gnu11 -g3 -DUSE_HAL_DRIVER -DSTM32F746xx -DDEBUG -c -I../Core/Inc -I../Drivers/STM32F7xx_HAL_Driver/Inc -I../Drivers/STM32F7xx_HAL_Driver/Inc/Legacy -I../Drivers/CMSIS/Device/ST/STM32F7xx/Include -I../Drivers/CMSIS/Include -I../Middlewares/Third_Party/ARM_CMSIS/CMSIS/Core/Include/ -I../Middlewares/Third_Party/ARM_CMSIS/CMSIS/Core_A/Include/ -I../Middlewares/Third_Party/ARM_CMSIS/CMSIS/DSP/Include -O0 -ffunction-sections -fdata-sections -Wall -fstack-usage -MMD -MP -MF"Core/Src/usart.d" -MT"Core/Src/usart.o" --specs=nano.specs -mfpu=fpv5-sp-d16 -mfloat-abi=hard -mthumb -o "Core/Src/usart.o"
../Core/Src/pid.c: In function 'PID_Init':
../Core/Src/pid.c:19:27: error: expected declaration specifiers or '...' before '&' token
  extern arm_pid_init_f32 (&PID, 1);
                           ^
../Core/Src/pid.c:19:33: error: expected declaration specifiers or '...' before numeric constant
  extern arm_pid_init_f32 (&PID, 1);
                                 ^
make: *** [Core/Src/subdir.mk:67: Core/Src/pid.o] Error 1
make: *** Waiting for unfinished jobs....
"make -j8 all" terminated with exit code 2. Build might be incomplete.
17:47:23 **** Incremental Build of configuration Debug for project final_project ****
make -j8 all 
arm-none-eabi-gcc "../Core/Src/pid.c" -mcpu=cortex-m7 -std=gnu11 -g3 -DUSE_HAL_DRIVER -DSTM32F746xx -DDEBUG -c -I../Core/Inc -I../Drivers/STM32F7xx_HAL_Driver/Inc -I../Drivers/STM32F7xx_HAL_Driver/Inc/Legacy -I../Drivers/CMSIS/Device/ST/STM32F7xx/Include -I../Drivers/CMSIS/Include -I../Middlewares/Third_Party/ARM_CMSIS/CMSIS/Core/Include/ -I../Middlewares/Third_Party/ARM_CMSIS/CMSIS/Core_A/Include/ -I../Middlewares/Third_Party/ARM_CMSIS/CMSIS/DSP/Include -O0 -ffunction-sections -fdata-sections -Wall -fstack-usage -MMD -MP -MF"Core/Src/pid.d" -MT"Core/Src/pid.o" --specs=nano.specs -mfpu=fpv5-sp-d16 -mfloat-abi=hard -mthumb -o "Core/Src/pid.o"
arm-none-eabi-gcc -o "final_project.elf" @"objects.list"   -mcpu=cortex-m7 -T"D:\sem5\Mircro Processor\Lab\final proj\Final Proj. Group\ide\STM32F746ZGTX_FLASH.ld" --specs=nosys.specs -Wl,-Map="final_project.map" -Wl,--gc-sections -static -L"C:\Users\Zishi Liu\STM32Cube\Repository\Packs\ARM\CMSIS\5.7.0\CMSIS\DSP\Lib\GCC" -Larm_cortexM7lfsp_math.a --specs=nano.specs -mfpu=fpv5-sp-d16 -mfloat-abi=hard -mthumb -Wl,--start-group -lc -lm -Wl,--end-group
Core/Src/pid.o: In function `PID_Init':
D:/sem5/Mircro Processor/Lab/final proj/Final Proj. Group/ide/Debug/../Core/Src/pid.c:19: undefined reference to `arm_pid_init_f32'
collect2.exe: error: ld returned 1 exit status
make: *** [makefile:58: final_project.elf] Error 1
"make -j8 all" terminated with exit code 2. Build might be incomplete.
17:49:52 **** Incremental Build of configuration Debug for project FINAL PROJ ****
make -j8 all 
arm-none-eabi-size   FINAL\ PROJ.elf 
   text	   data	    bss	    dec	    hex	filename
  33136	    484	   2484	  36104	   8d08	FINAL PROJ.elf
Finished building: default.size.stdout
 
17:49:52 **** Incremental Build of configuration Debug for project final_project ****
make -j8 all 
arm-none-eabi-gcc "../Core/Src/main.c" -mcpu=cortex-m7 -std=gnu11 -g3 -DUSE_HAL_DRIVER -DSTM32F746xx -DDEBUG -c -I../Core/Inc -I../Drivers/STM32F7xx_HAL_Driver/Inc -I../Drivers/STM32F7xx_HAL_Driver/Inc/Legacy -I../Drivers/CMSIS/Device/ST/STM32F7xx/Include -I../Drivers/CMSIS/Include -I../Middlewares/Third_Party/ARM_CMSIS/CMSIS/Core/Include/ -I../Middlewares/Third_Party/ARM_CMSIS/CMSIS/Core_A/Include/ -I../Middlewares/Third_Party/ARM_CMSIS/CMSIS/DSP/Include -O0 -ffunction-sections -fdata-sections -Wall -fstack-usage -MMD -MP -MF"Core/Src/main.d" -MT"Core/Src/main.o" --specs=nano.specs -mfpu=fpv5-sp-d16 -mfloat-abi=hard -mthumb -o "Core/Src/main.o"
arm-none-eabi-gcc "../Core/Src/pid.c" -mcpu=cortex-m7 -std=gnu11 -g3 -DUSE_HAL_DRIVER -DSTM32F746xx -DDEBUG -c -I../Core/Inc -I../Drivers/STM32F7xx_HAL_Driver/Inc -I../Drivers/STM32F7xx_HAL_Driver/Inc/Legacy -I../Drivers/CMSIS/Device/ST/STM32F7xx/Include -I../Drivers/CMSIS/Include -I../Middlewares/Third_Party/ARM_CMSIS/CMSIS/Core/Include/ -I../Middlewares/Third_Party/ARM_CMSIS/CMSIS/Core_A/Include/ -I../Middlewares/Third_Party/ARM_CMSIS/CMSIS/DSP/Include -O0 -ffunction-sections -fdata-sections -Wall -fstack-usage -MMD -MP -MF"Core/Src/pid.d" -MT"Core/Src/pid.o" --specs=nano.specs -mfpu=fpv5-sp-d16 -mfloat-abi=hard -mthumb -o "Core/Src/pid.o"
arm-none-eabi-gcc -o "final_project.elf" @"objects.list"   -mcpu=cortex-m7 -T"D:\sem5\Mircro Processor\Lab\final proj\Final Proj. Group\ide\STM32F746ZGTX_FLASH.ld" --specs=nosys.specs -Wl,-Map="final_project.map" -Wl,--gc-sections -static -L"C:\Users\Zishi Liu\STM32Cube\Repository\Packs\ARM\CMSIS\5.7.0\CMSIS\DSP\Lib\GCC" -Larm_cortexM7lfsp_math.a --specs=nano.specs -mfpu=fpv5-sp-d16 -mfloat-abi=hard -mthumb -Wl,--start-group -lc -lm -Wl,--end-group
Core/Src/pid.o: In function `PID_Init':
D:/sem5/Mircro Processor/Lab/final proj/Final Proj. Group/ide/Debug/../Core/Src/pid.c:19: undefined reference to `arm_pid_init_f32'
collect2.exe: error: ld returned 1 exit status
make: *** [makefile:58: final_project.elf] Error 1
"make -j8 all" terminated with exit code 2. Build might be incomplete.
17:50:23 **** Incremental Build of configuration Debug for project FINAL PROJ ****
make -j8 all 
arm-none-eabi-size   FINAL\ PROJ.elf 
   text	   data	    bss	    dec	    hex	filename
  33136	    484	   2484	  36104	   8d08	FINAL PROJ.elf
Finished building: default.size.stdout
 
17:50:24 **** Incremental Build of configuration Debug for project final_project ****
make -j8 all 
arm-none-eabi-gcc -o "final_project.elf" @"objects.list"   -mcpu=cortex-m7 -T"D:\sem5\Mircro Processor\Lab\final proj\Final Proj. Group\ide\STM32F746ZGTX_FLASH.ld" --specs=nosys.specs -Wl,-Map="final_project.map" -Wl,--gc-sections -static -L"C:\Users\Zishi Liu\STM32Cube\Repository\Packs\ARM\CMSIS\5.7.0\CMSIS\DSP\Lib\GCC" -Larm_cortexM7lfsp_math.a --specs=nano.specs -mfpu=fpv5-sp-d16 -mfloat-abi=hard -mthumb -Wl,--start-group -lc -lm -Wl,--end-group
Core/Src/pid.o: In function `PID_Init':
D:/sem5/Mircro Processor/Lab/final proj/Final Proj. Group/ide/Debug/../Core/Src/pid.c:19: undefined reference to `arm_pid_init_f32'
collect2.exe: error: ld returned 1 exit status
make: *** [makefile:58: final_project.elf] Error 1
"make -j8 all" terminated with exit code 2. Build might be incomplete.
17:53:57 **** Incremental Build of configuration Debug for project FINAL PROJ ****
make -j8 all 
arm-none-eabi-size   FINAL\ PROJ.elf 
   text	   data	    bss	    dec	    hex	filename
  33136	    484	   2484	  36104	   8d08	FINAL PROJ.elf
Finished building: default.size.stdout
 
17:53:58 **** Incremental Build of configuration Debug for project final_project ****
make -j8 all 
arm-none-eabi-gcc "../Core/Src/pid.c" -mcpu=cortex-m7 -std=gnu11 -g3 -DUSE_HAL_DRIVER -DSTM32F746xx -DDEBUG -c -I../Core/Inc -I../Drivers/STM32F7xx_HAL_Driver/Inc -I../Drivers/STM32F7xx_HAL_Driver/Inc/Legacy -I../Drivers/CMSIS/Device/ST/STM32F7xx/Include -I../Drivers/CMSIS/Include -I../Middlewares/Third_Party/ARM_CMSIS/CMSIS/Core/Include/ -I../Middlewares/Third_Party/ARM_CMSIS/CMSIS/Core_A/Include/ -I../Middlewares/Third_Party/ARM_CMSIS/CMSIS/DSP/Include -O0 -ffunction-sections -fdata-sections -Wall -fstack-usage -MMD -MP -MF"Core/Src/pid.d" -MT"Core/Src/pid.o" --specs=nano.specs -mfpu=fpv5-sp-d16 -mfloat-abi=hard -mthumb -o "Core/Src/pid.o"
arm-none-eabi-gcc -o "final_project.elf" @"objects.list"   -mcpu=cortex-m7 -T"D:\sem5\Mircro Processor\Lab\final proj\Final Proj. Group\ide\STM32F746ZGTX_FLASH.ld" --specs=nosys.specs -Wl,-Map="final_project.map" -Wl,--gc-sections -static -L"C:\Users\Zishi Liu\STM32Cube\Repository\Packs\ARM\CMSIS\5.7.0\CMSIS\DSP\Lib\GCC" -Larm_cortexM7lfsp_math.a --specs=nano.specs -mfpu=fpv5-sp-d16 -mfloat-abi=hard -mthumb -Wl,--start-group -lc -lm -Wl,--end-group
Core/Src/pid.o: In function `PID_Init':
D:/sem5/Mircro Processor/Lab/final proj/Final Proj. Group/ide/Debug/../Core/Src/pid.c:19: undefined reference to `arm_pid_init_f32'
collect2.exe: error: ld returned 1 exit status
make: *** [makefile:58: final_project.elf] Error 1
"make -j8 all" terminated with exit code 2. Build might be incomplete.
17:54:08 **** Incremental Build of configuration Debug for project FINAL PROJ ****
make -j8 all 
arm-none-eabi-size   FINAL\ PROJ.elf 
   text	   data	    bss	    dec	    hex	filename
  33136	    484	   2484	  36104	   8d08	FINAL PROJ.elf
Finished building: default.size.stdout
 
17:54:08 **** Incremental Build of configuration Debug for project final_project ****
make -j8 all 
arm-none-eabi-gcc "../Core/Src/pid.c" -mcpu=cortex-m7 -std=gnu11 -g3 -DUSE_HAL_DRIVER -DSTM32F746xx -DDEBUG -c -I../Core/Inc -I../Drivers/STM32F7xx_HAL_Driver/Inc -I../Drivers/STM32F7xx_HAL_Driver/Inc/Legacy -I../Drivers/CMSIS/Device/ST/STM32F7xx/Include -I../Drivers/CMSIS/Include -I../Middlewares/Third_Party/ARM_CMSIS/CMSIS/Core/Include/ -I../Middlewares/Third_Party/ARM_CMSIS/CMSIS/Core_A/Include/ -I../Middlewares/Third_Party/ARM_CMSIS/CMSIS/DSP/Include -O0 -ffunction-sections -fdata-sections -Wall -fstack-usage -MMD -MP -MF"Core/Src/pid.d" -MT"Core/Src/pid.o" --specs=nano.specs -mfpu=fpv5-sp-d16 -mfloat-abi=hard -mthumb -o "Core/Src/pid.o"
arm-none-eabi-gcc -o "final_project.elf" @"objects.list"   -mcpu=cortex-m7 -T"D:\sem5\Mircro Processor\Lab\final proj\Final Proj. Group\ide\STM32F746ZGTX_FLASH.ld" --specs=nosys.specs -Wl,-Map="final_project.map" -Wl,--gc-sections -static -L"C:\Users\Zishi Liu\STM32Cube\Repository\Packs\ARM\CMSIS\5.7.0\CMSIS\DSP\Lib\GCC" -Larm_cortexM7lfsp_math.a --specs=nano.specs -mfpu=fpv5-sp-d16 -mfloat-abi=hard -mthumb -Wl,--start-group -lc -lm -Wl,--end-group
Core/Src/pid.o: In function `PID_Init':
D:/sem5/Mircro Processor/Lab/final proj/Final Proj. Group/ide/Debug/../Core/Src/pid.c:19: undefined reference to `arm_pid_init_f32'
collect2.exe: error: ld returned 1 exit status
make: *** [makefile:58: final_project.elf] Error 1
"make -j8 all" terminated with exit code 2. Build might be incomplete.
17:54:24 **** Incremental Build of configuration Debug for project FINAL PROJ ****
make -j8 all 
arm-none-eabi-size   FINAL\ PROJ.elf 
   text	   data	    bss	    dec	    hex	filename
  33136	    484	   2484	  36104	   8d08	FINAL PROJ.elf
Finished building: default.size.stdout
 
17:54:25 **** Incremental Build of configuration Debug for project final_project ****
make -j8 all 
arm-none-eabi-gcc "../Core/Src/pid.c" -mcpu=cortex-m7 -std=gnu11 -g3 -DUSE_HAL_DRIVER -DSTM32F746xx -DDEBUG -c -I../Core/Inc -I../Drivers/STM32F7xx_HAL_Driver/Inc -I../Drivers/STM32F7xx_HAL_Driver/Inc/Legacy -I../Drivers/CMSIS/Device/ST/STM32F7xx/Include -I../Drivers/CMSIS/Include -I../Middlewares/Third_Party/ARM_CMSIS/CMSIS/Core/Include/ -I../Middlewares/Third_Party/ARM_CMSIS/CMSIS/Core_A/Include/ -I../Middlewares/Third_Party/ARM_CMSIS/CMSIS/DSP/Include -O0 -ffunction-sections -fdata-sections -Wall -fstack-usage -MMD -MP -MF"Core/Src/pid.d" -MT"Core/Src/pid.o" --specs=nano.specs -mfpu=fpv5-sp-d16 -mfloat-abi=hard -mthumb -o "Core/Src/pid.o"
../Core/Src/pid.c: In function 'PID_Init':
../Core/Src/pid.c:19:19: error: incompatible type for argument 1 of 'arm_pid_init_f32'
  arm_pid_init_f32(PID,1);
                   ^~~
In file included from ../Core/Src/pid.c:7:0:
../Middlewares/Third_Party/ARM_CMSIS/CMSIS/DSP/Include/arm_math.h:2791:8: note: expected 'arm_pid_instance_f32 * {aka struct <anonymous> *}' but argument is of type 'arm_pid_instance_f32 {aka struct <anonymous>}'
   void arm_pid_init_f32(
        ^~~~~~~~~~~~~~~~
make: *** [Core/Src/subdir.mk:67: Core/Src/pid.o] Error 1
"make -j8 all" terminated with exit code 2. Build might be incomplete.
17:54:34 **** Incremental Build of configuration Debug for project FINAL PROJ ****
make -j8 all 
arm-none-eabi-size   FINAL\ PROJ.elf 
   text	   data	    bss	    dec	    hex	filename
  33136	    484	   2484	  36104	   8d08	FINAL PROJ.elf
Finished building: default.size.stdout
 
17:54:35 **** Incremental Build of configuration Debug for project final_project ****
make -j8 all 
arm-none-eabi-gcc "../Core/Src/pid.c" -mcpu=cortex-m7 -std=gnu11 -g3 -DUSE_HAL_DRIVER -DSTM32F746xx -DDEBUG -c -I../Core/Inc -I../Drivers/STM32F7xx_HAL_Driver/Inc -I../Drivers/STM32F7xx_HAL_Driver/Inc/Legacy -I../Drivers/CMSIS/Device/ST/STM32F7xx/Include -I../Drivers/CMSIS/Include -I../Middlewares/Third_Party/ARM_CMSIS/CMSIS/Core/Include/ -I../Middlewares/Third_Party/ARM_CMSIS/CMSIS/Core_A/Include/ -I../Middlewares/Third_Party/ARM_CMSIS/CMSIS/DSP/Include -O0 -ffunction-sections -fdata-sections -Wall -fstack-usage -MMD -MP -MF"Core/Src/pid.d" -MT"Core/Src/pid.o" --specs=nano.specs -mfpu=fpv5-sp-d16 -mfloat-abi=hard -mthumb -o "Core/Src/pid.o"
arm-none-eabi-gcc -o "final_project.elf" @"objects.list"   -mcpu=cortex-m7 -T"D:\sem5\Mircro Processor\Lab\final proj\Final Proj. Group\ide\STM32F746ZGTX_FLASH.ld" --specs=nosys.specs -Wl,-Map="final_project.map" -Wl,--gc-sections -static -L"C:\Users\Zishi Liu\STM32Cube\Repository\Packs\ARM\CMSIS\5.7.0\CMSIS\DSP\Lib\GCC" -Larm_cortexM7lfsp_math.a --specs=nano.specs -mfpu=fpv5-sp-d16 -mfloat-abi=hard -mthumb -Wl,--start-group -lc -lm -Wl,--end-group
Core/Src/pid.o: In function `PID_Init':
D:/sem5/Mircro Processor/Lab/final proj/Final Proj. Group/ide/Debug/../Core/Src/pid.c:19: undefined reference to `arm_pid_init_f32'
collect2.exe: error: ld returned 1 exit status
make: *** [makefile:58: final_project.elf] Error 1
"make -j8 all" terminated with exit code 2. Build might be incomplete.
17:55:43 **** Incremental Build of configuration Debug for project final_project ****
make -j8 all 
arm-none-eabi-gcc -o "final_project.elf" @"objects.list"   -mcpu=cortex-m7 -T"D:\sem5\Mircro Processor\Lab\final proj\Final Proj. Group\ide\STM32F746ZGTX_FLASH.ld" --specs=nosys.specs -Wl,-Map="final_project.map" -Wl,--gc-sections -static -L"C:\Users\Zishi Liu\STM32Cube\Repository\Packs\ARM\CMSIS\5.7.0\CMSIS\DSP\Lib\GCC" -Larm_cortexM7lfsp_math.a --specs=nano.specs -mfpu=fpv5-sp-d16 -mfloat-abi=hard -mthumb -Wl,--start-group -lc -lm -Wl,--end-group
Core/Src/pid.o: In function `PID_Init':
D:/sem5/Mircro Processor/Lab/final proj/Final Proj. Group/ide/Debug/../Core/Src/pid.c:19: undefined reference to `arm_pid_init_f32'
collect2.exe: error: ld returned 1 exit status
make: *** [makefile:58: final_project.elf] Error 1
"make -j8 all" terminated with exit code 2. Build might be incomplete.
